###############################################################################
#
# IAR ELF Linker V7.80.3.12102/W32 for ARM                26/Apr/2018  21:59:10
# Copyright 2007-2016 IAR Systems AB.
#
#    Output file  =  Z:\Aether\debug\cproject_templates.out
#    Map file     =  Z:\Aether\debug\list\cproject_templates.map
#    Command line =  
#        Z:\Aether\debug\obj\AetherDriver_FLASH.o
#        Z:\Aether\debug\obj\AetherDriver_FTM.o
#        Z:\Aether\debug\obj\AetherDriver_GPIO.o
#        Z:\Aether\debug\obj\AetherDriver_KeyBoard.o
#        Z:\Aether\debug\obj\AetherDriver_LPTMR.o
#        Z:\Aether\debug\obj\AetherDriver_PIT.o
#        Z:\Aether\debug\obj\AetherDriver_RingBuff.o
#        Z:\Aether\debug\obj\AetherDriver_SCCB.o
#        Z:\Aether\debug\obj\AetherDriver_SoftIIC.o
#        Z:\Aether\debug\obj\AetherDriver_SPI.o
#        Z:\Aether\debug\obj\AetherDriver_UART.o
#        Z:\Aether\debug\obj\AetherDriver_UART_DataAnalysis.o
#        Z:\Aether\debug\obj\Beep.o Z:\Aether\debug\obj\board.o
#        Z:\Aether\debug\obj\Camera.o Z:\Aether\debug\obj\clock_config.o
#        Z:\Aether\debug\obj\Controler.o Z:\Aether\debug\obj\croutine.o
#        Z:\Aether\debug\obj\event_groups.o Z:\Aether\debug\obj\fsl_adc16.o
#        Z:\Aether\debug\obj\fsl_aoi.o Z:\Aether\debug\obj\fsl_assert.o
#        Z:\Aether\debug\obj\fsl_clock.o Z:\Aether\debug\obj\fsl_cmp.o
#        Z:\Aether\debug\obj\fsl_common.o Z:\Aether\debug\obj\fsl_crc.o
#        Z:\Aether\debug\obj\fsl_dac.o Z:\Aether\debug\obj\fsl_debug_console.o
#        Z:\Aether\debug\obj\fsl_dmamux.o Z:\Aether\debug\obj\fsl_dspi.o
#        Z:\Aether\debug\obj\fsl_dspi_cmsis.o
#        Z:\Aether\debug\obj\fsl_dspi_edma.o
#        Z:\Aether\debug\obj\fsl_dspi_freertos.o Z:\Aether\debug\obj\fsl_edma.o
#        Z:\Aether\debug\obj\fsl_enc.o Z:\Aether\debug\obj\fsl_enet.o
#        Z:\Aether\debug\obj\fsl_ewm.o Z:\Aether\debug\obj\fsl_flash.o
#        Z:\Aether\debug\obj\fsl_flexbus.o Z:\Aether\debug\obj\fsl_flexcan.o
#        Z:\Aether\debug\obj\fsl_flexcan_edma.o Z:\Aether\debug\obj\fsl_ftm.o
#        Z:\Aether\debug\obj\fsl_gpio.o Z:\Aether\debug\obj\fsl_hsadc.o
#        Z:\Aether\debug\obj\fsl_i2c.o Z:\Aether\debug\obj\fsl_i2c_cmsis.o
#        Z:\Aether\debug\obj\fsl_i2c_edma.o
#        Z:\Aether\debug\obj\fsl_i2c_freertos.o Z:\Aether\debug\obj\fsl_io.o
#        Z:\Aether\debug\obj\fsl_llwu.o Z:\Aether\debug\obj\fsl_log.o
#        Z:\Aether\debug\obj\fsl_lptmr.o Z:\Aether\debug\obj\fsl_notifier.o
#        Z:\Aether\debug\obj\fsl_pdb.o Z:\Aether\debug\obj\fsl_pit.o
#        Z:\Aether\debug\obj\fsl_pmc.o Z:\Aether\debug\obj\fsl_pwm.o
#        Z:\Aether\debug\obj\fsl_rcm.o Z:\Aether\debug\obj\fsl_shell.o
#        Z:\Aether\debug\obj\fsl_sim.o Z:\Aether\debug\obj\fsl_smc.o
#        Z:\Aether\debug\obj\fsl_str.o
#        Z:\Aether\debug\obj\fsl_tickless_systick.o
#        Z:\Aether\debug\obj\fsl_trng.o Z:\Aether\debug\obj\fsl_uart.o
#        Z:\Aether\debug\obj\fsl_uart_cmsis.o
#        Z:\Aether\debug\obj\fsl_uart_edma.o
#        Z:\Aether\debug\obj\fsl_uart_freertos.o Z:\Aether\debug\obj\fsl_wdog.o
#        Z:\Aether\debug\obj\GlobalVars.o Z:\Aether\debug\obj\Gyroscope.o
#        Z:\Aether\debug\obj\heap_4.o Z:\Aether\debug\obj\ImageAnalysis.o
#        Z:\Aether\debug\obj\InBluetooth.o Z:\Aether\debug\obj\Inductance.o
#        Z:\Aether\debug\obj\Init.o Z:\Aether\debug\obj\list.o
#        Z:\Aether\debug\obj\MagneticAnalysis.o Z:\Aether\debug\obj\main.o
#        Z:\Aether\debug\obj\Motor.o Z:\Aether\debug\obj\OutBluetooth.o
#        Z:\Aether\debug\obj\peripherals.o Z:\Aether\debug\obj\pin_mux.o
#        Z:\Aether\debug\obj\port.o Z:\Aether\debug\obj\portasm.o
#        Z:\Aether\debug\obj\queue.o Z:\Aether\debug\obj\RGB.o
#        Z:\Aether\debug\obj\Screen.o Z:\Aether\debug\obj\Speed.o
#        Z:\Aether\debug\obj\startup_MKV58F24.o Z:\Aether\debug\obj\Steer.o
#        Z:\Aether\debug\obj\system_MKV58F24.o Z:\Aether\debug\obj\tasks.o
#        Z:\Aether\debug\obj\timers.o --redirect _Printf=_PrintfSmall
#        --redirect _Scanf=_ScanfSmall -o
#        Z:\Aether\debug\cproject_templates.out --map
#        Z:\Aether\debug\list\cproject_templates.map --config
#        Z:\Aether/MKV58F1M0xxx24_flash.icf --semihosting --entry
#        __iar_program_start --vfe
#
###############################################################################

*******************************************************************************
*** RUNTIME MODEL ATTRIBUTES
***

CppFlavor       = *
__SystemLibrary = DLib


*******************************************************************************
*** PLACEMENT SUMMARY
***

"A0":  place at 0x10000000 { ro section .intvec };
"P1":  place in [from 0x10000400 to 0x1000040f] { section FlashConfig };
"P2":  place in [from 0x10000000 to 0x100003ff] |
                [from 0x10000410 to 0x100fffff] { ro };
"P3":  place in [from 0x00000004 to 0x0000ffff] |
                [from 0x20000000 to 0x2001fbff] { block RW };
"P4":  place in [from 0x00000004 to 0x0000ffff] |
                [from 0x20000000 to 0x2001fbff] { block ZI };
"P7":  place in [from 0x00000004 to 0x0000ffff] |
                [from 0x20000000 to 0x2001fbff] { block NCACHE_VAR };
"P6":  place in [from 0x2001fc00 to 0x2001ffff] { block CSTACK };
initialize by copy { rw, section .textrw };

  Section            Kind        Address    Size  Object
  -------            ----        -------    ----  ------
"P3-P4|P7", part 1 of 2:                   0xb45
  RW                          0x00000004   0xb45  <Block>
    RW-1                      0x00000004   0xb45  <Init block>
      .data          inited   0x00000004     0x4  fsl_clock.o [1]
      .data          inited   0x00000008     0x4  fsl_clock.o [1]
      .data          inited   0x0000000c     0x4  main.o [1]
      .data          inited   0x00000010     0x4  system_MKV58F24.o [1]
      .textrw        inited   0x00000014   0x118  AetherDriver_GPIO.o [1]
      .textrw        inited   0x0000012c    0x54  AetherDriver_LPTMR.o [1]
      .textrw        inited   0x00000180    0xe0  Camera.o [1]
      .textrw        inited   0x00000260   0x8e4  ImageAnalysis.o [1]
      .data          inited   0x00000b44     0x2  GlobalVars.o [1]
      .data          inited   0x00000b46     0x2  Speed.o [1]
      .data          inited   0x00000b48     0x1  ImageAnalysis.o [1]
                            - 0x00000b49   0xb45

"P3-P4|P7", part 2 of 2:                  0xcc90
  ZI                          0x00000b4c  0xcc90  <Block>
    .bss             zero     0x00000b4c    0x34  AetherDriver_FLASH.o [1]
    .bss             zero     0x00000b80     0x4  AetherDriver_FLASH.o [1]
    .bss             zero     0x00000b84     0x4  AetherDriver_FLASH.o [1]
    .bss             zero     0x00000b88     0x4  AetherDriver_FLASH.o [1]
    .bss             zero     0x00000b8c    0x14  AetherDriver_PIT.o [1]
    .bss             zero     0x00000ba0    0xc8  AetherDriver_UART.o [1]
    .bss             zero     0x00000c68    0x14  AetherDriver_UART.o [1]
    .bss             zero     0x00000c7c     0x8  AetherDriver_UART.o [1]
    .bss             zero     0x00000c84    0x14  AetherDriver_UART.o [1]
    .bss             zero     0x00000c98     0x4  fsl_clock.o [1]
    .bss             zero     0x00000c9c     0xc  fsl_dspi.o [1]
    .bss             zero     0x00000ca8     0x4  fsl_dspi.o [1]
    .bss             zero     0x00000cac     0x4  fsl_dspi.o [1]
    .bss             zero     0x00000cb0    0x80  fsl_edma.o [1]
    .bss             zero     0x00000d30     0x4  fsl_enet.o [1]
    .bss             zero     0x00000d34     0x4  fsl_enet.o [1]
    .bss             zero     0x00000d38     0x4  fsl_enet.o [1]
    .bss             zero     0x00000d3c     0x4  fsl_enet.o [1]
    .bss             zero     0x00000d40     0x4  fsl_enet.o [1]
    .bss             zero     0x00000d44     0x4  fsl_flash.o [1]
    .bss             zero     0x00000d48     0x4  fsl_flash.o [1]
    .bss             zero     0x00000d4c    0x40  fsl_flash.o [1]
    .bss             zero     0x00000d8c    0x40  fsl_flash.o [1]
    .bss             zero     0x00000dcc     0xc  fsl_flash.o [1]
    .bss             zero     0x00000dd8     0xc  fsl_flexcan.o [1]
    .bss             zero     0x00000de4     0x4  fsl_flexcan.o [1]
    .bss             zero     0x00000de8     0x8  fsl_i2c.o [1]
    .bss             zero     0x00000df0     0x4  fsl_i2c.o [1]
    .bss             zero     0x00000df4     0x4  fsl_i2c.o [1]
    .bss             zero     0x00000df8     0x8  fsl_io.o [1]
    .bss             zero     0x00000e00    0x18  fsl_uart.o [1]
    .bss             zero     0x00000e18     0x4  fsl_uart.o [1]
    .bss             zero     0x00000e1c    0x5c  GlobalVars.o [1]
    .bss             zero     0x00000e78    0x14  GlobalVars.o [1]
    .bss             zero     0x00000e8c  0x1608  ImageAnalysis.o [1]
    .bss             zero     0x00002494    0x7c  ImageAnalysis.o [1]
    .bss             zero     0x00002510    0x7c  ImageAnalysis.o [1]
    .bss             zero     0x0000258c    0x7c  ImageAnalysis.o [1]
    .bss             zero     0x00002608  0x5820  main.o [1]
    .bss             zero     0x00007e28  0x5820  main.o [1]
    .bss             zero     0x0000d648   0x100  Screen.o [1]
    .bss             zero     0x0000d748     0x4  tasks.o [1]
    .bss             zero     0x0000d74c    0x64  tasks.o [1]
    .bss             zero     0x0000d7b0     0x4  tasks.o [1]
    .bss             zero     0x0000d7b4     0x4  tasks.o [1]
    .bss             zero     0x0000d7b8     0x4  tasks.o [1]
    .bss             zero     0x0000d7bc     0x4  tasks.o [1]
    .bss             zero     0x0000d7c0     0x4  tasks.o [1]
    .bss             zero     0x0000d7c4     0x4  tasks.o [1]
    .bss             zero     0x0000d7c8     0x4  tasks.o [1]
    .bss             zero     0x0000d7cc     0x4  tasks.o [1]
    .bss             zero     0x0000d7d0     0x4  tasks.o [1]
    .bss             zero     0x0000d7d4     0x2  Camera.o [1]
    .bss             zero     0x0000d7d6     0x2  GlobalVars.o [1]
    .bss             zero     0x0000d7d8     0x1  AetherDriver_PIT.o [1]
    .bss             zero     0x0000d7d9     0x1  GlobalVars.o [1]
    .bss             zero     0x0000d7da     0x1  GlobalVars.o [1]
    .bss             zero     0x0000d7db     0x1  main.o [1]
                            - 0x0000d7dc  0xcc90

"A0":                                      0x400
  .intvec            ro code  0x10000000   0x400  startup_MKV58F24.o [1]
                            - 0x10000400   0x400

"P1":                                       0x10
  FlashConfig        ro code  0x10000400    0x10  startup_MKV58F24.o [1]
                            - 0x10000410    0x10

"P2":                                     0x79ad
  Veneer             ro code  0x10000410     0x8  - Linker created -
  Veneer             ro code  0x10000418     0x8  - Linker created -
  Veneer             ro code  0x10000420     0x8  - Linker created -
  .text              ro code  0x10000428   0xca0  Screen.o [1]
  .text              ro code  0x100010c8    0x50  AetherDriver_SPI.o [1]
  .text              ro code  0x10001118    0x36  strlen.o [5]
  .text              ro code  0x1000114e     0xa  xsprout.o [3]
  .text              ro code  0x10001158    0x34  sprintf.o [3]
  .text              ro code  0x1000118c    0x4e  FltToDbl.o [4]
  .text              ro code  0x100011da     0x2  startup_MKV58F24.o [1]
  .text              ro code  0x100011dc   0x1a2  DblMul.o [4]
  .text              ro code  0x1000137e     0x2  startup_MKV58F24.o [1]
  .text              ro code  0x10001380    0x4c  DblToI32.o [4]
  .text              ro code  0x100013cc     0x6  ABImemclr4.o [5]
  .text              ro code  0x100013d2     0x2  startup_MKV58F24.o [1]
  .text              ro code  0x100013d4   0x194  AetherDriver_FLASH.o [1]
  .text              ro code  0x10001568    0x66  ABImemset.o [5]
  .text              ro code  0x100015ce     0x2  startup_MKV58F24.o [1]
  .text              ro code  0x100015d0    0xe8  DblAdd.o [4]
  .text              ro code  0x100016b8    0x90  DblToFlt.o [4]
  Veneer             ro code  0x10001748     0x8  - Linker created -
  .text              ro code  0x10001750   0x298  Steer.o [1]
  .text              ro code  0x100019e8   0x4d8  xprintfsmall.o [3]
  .text              ro code  0x10001ec0    0x32  ABImemset48.o [5]
  .text              ro code  0x10001ef2     0x2  startup_MKV58F24.o [1]
  .text              ro code  0x10001ef4   0x61c  fsl_flash.o [1]
  .text              ro code  0x10002510   0x16c  DblSub.o [4]
  .text              ro code  0x1000267c   0x75c  fsl_ftm.o [1]
  .text              ro code  0x10002dd8   0x668  fsl_clock.o [1]
  .text              ro code  0x10003440    0x16  strchr.o [5]
  .text              ro code  0x10003456     0x2  startup_MKV58F24.o [1]
  .text              ro code  0x10003458    0x58  memchr.o [5]
  .text              ro code  0x100034b0    0x76  ABImemcpy_unaligned.o [5]
  .rodata            const    0x10003526     0x1  ImageAnalysis.o [1]
  .rodata            const    0x10003527     0x1  ImageAnalysis.o [1]
  .text              ro code  0x10003528    0x1c  fsl_assert.o [1]
  .text              ro code  0x10003544    0x7c  fsl_debug_console.o [1]
  .text              ro code  0x100035c0   0x328  fsl_str.o [1]
  .text              ro code  0x100038e8    0x5c  fsl_log.o [1]
  .text              ro code  0x10003944    0x48  fsl_io.o [1]
  .text              ro code  0x1000398c   0x3f8  fsl_uart.o [1]
  .text              ro code  0x10003d84   0x764  fsl_edma.o [1]
  .text              ro code  0x100044e8   0x624  Camera.o [1]
  Veneer             ro code  0x10004b0c     0x8  - Linker created -
  .text              ro code  0x10004b14   0x398  AetherDriver_SCCB.o [1]
  .text              ro code  0x10004eac    0x6c  fsl_dmamux.o [1]
  .rodata            const    0x10004f18   0x600  Screen.o [1]
  .text              ro code  0x10005518   0x274  system_MKV58F24.o [1]
  .text              ro code  0x1000578c   0x24c  Motor.o [1]
  .text              ro code  0x100059d8   0x230  AetherDriver_PIT.o [1]
  .text              ro code  0x10005c08    0xa4  fsl_pit.o [1]
  .text              ro code  0x10005cac    0xee  I64DivMod.o [5]
  .text              ro code  0x10005d9c     0x2  I64DivZer.o [5]
  .text              ro code  0x10005da0   0x1e0  tasks.o [1]
  .text              ro code  0x10005f80    0x40  list.o [1]
  .text              ro code  0x10005fc0   0x1d6  lz77_init.o [5]
  .text              ro code  0x10006196     0x6  abort.o [3]
  .text              ro code  0x1000619c    0x14  exit.o [6]
  Veneer             ro code  0x100061b0     0x8  - Linker created -
  Veneer             ro code  0x100061b8     0x8  - Linker created -
  Veneer             ro code  0x100061c0     0x8  - Linker created -
  .text              ro code  0x100061c8   0x1a8  Controler.o [1]
  .text              ro code  0x10006370   0x18c  Init.o [1]
  .text              ro code  0x100064fc    0x88  clock_config.o [1]
  .text              ro code  0x10006584   0x154  AetherDriver_UART.o [1]
  .text              ro code  0x100066d8    0xe0  AetherDriver_KeyBoard.o [1]
  .text              ro code  0x100067b8    0x40  Beep.o [1]
  .text              ro code  0x100067f8    0x6c  RGB.o [1]
  .text              ro code  0x10006864    0xcc  Speed.o [1]
  .text              ro code  0x10006930    0x3a  AetherDriver_RingBuff.o [1]
  .text              ro code  0x1000696a    0x1a  AetherDriver_UART_DataAnalysis.o [1]
  .text              ro code  0x10006984    0xcc  fsl_dspi.o [1]
  CODE               ro code  0x10006a50    0xa8  portasm.o [1]
  .text              ro code  0x10006af8    0x9c  fsl_flexcan.o [1]
  .text              ro code  0x10006b94    0x64  fsl_i2c.o [1]
  .text              ro code  0x10006bf8    0x58  fsl_enet.o [1]
  .text              ro code  0x10006c50    0x4c  main.o [1]
  .rodata            const    0x10006c9c    0x40  fsl_uart.o [1]
  .rodata            const    0x10006cdc    0x40  fsl_uart.o [1]
  .text              ro code  0x10006d1c    0x40  zero_init3.o [5]
  .text              ro code  0x10006d5c    0x30  port.o [1]
  .rodata            const    0x10006d8c    0x2c  Camera.o [1]
  .rodata            const    0x10006db8    0x2c  fsl_assert.o [1]
  .rodata            const    0x10006de4    0x2c  fsl_edma.o [1]
  .rodata            const    0x10006e10    0x28  fsl_dmamux.o [1]
  .text              ro code  0x10006e38    0x28  startup_MKV58F24.o [1]
  .text              ro code  0x10006e60    0x28  data_init.o [5]
  .rodata            const    0x10006e88    0x24  fsl_edma.o [1]
  .rodata            const    0x10006eac    0x24  fsl_edma.o [1]
  .rodata            const    0x10006ed0    0x24  fsl_pit.o [1]
  .text              ro code  0x10006ef4    0x22  fpinit_M.o [4]
  .iar.init_table    const    0x10006f18    0x2c  - Linker created -
  .rodata            const    0x10006f44    0x20  AetherDriver_KeyBoard.o [1]
  .rodata            const    0x10006f64    0x20  Camera.o [1]
  .rodata            const    0x10006f84    0x20  Camera.o [1]
  .rodata            const    0x10006fa4    0x20  Camera.o [1]
  .rodata            const    0x10006fc4    0x20  fsl_clock.o [1]
  .rodata            const    0x10006fe4    0x20  fsl_dmamux.o [1]
  .rodata            const    0x10007004    0x20  fsl_dspi.o [1]
  .rodata            const    0x10007024    0x20  fsl_edma.o [1]
  .rodata            const    0x10007044    0x20  fsl_edma.o [1]
  .rodata            const    0x10007064    0x20  fsl_flash.o [1]
  .rodata            const    0x10007084    0x20  fsl_flexcan.o [1]
  .rodata            const    0x100070a4    0x20  fsl_log.o [1]
  .rodata            const    0x100070c4    0x20  fsl_uart.o [1]
  .rodata            const    0x100070e4    0x1c  fsl_flash.o [1]
  .rodata            const    0x10007100    0x1c  fsl_ftm.o [1]
  .rodata            const    0x1000711c    0x1c  fsl_ftm.o [1]
  .rodata            const    0x10007138    0x1c  fsl_pit.o [1]
  .rodata            const    0x10007154    0x1c  fsl_uart.o [1]
  .text              ro code  0x10007170    0x1a  cmain.o [5]
  .text              ro code  0x1000718a     0x4  low_level_init.o [3]
  .text              ro code  0x1000718e     0x4  exit.o [3]
  .text              ro code  0x10007194     0xa  cexit.o [5]
  .rodata            const    0x100071a0    0x18  fsl_uart.o [1]
  .rodata            const    0x100071b8    0x18  fsl_uart.o [1]
  .rodata            const    0x100071d0    0x18  fsl_uart.o [1]
  .rodata            const    0x100071e8    0x14  fsl_flexcan.o [1]
  .rodata            const    0x100071fc    0x14  fsl_flexcan.o [1]
  .rodata            const    0x10007210    0x14  fsl_flexcan.o [1]
  .rodata            const    0x10007224    0x10  fsl_clock.o [1]
  .rodata            const    0x10007234    0x10  fsl_dspi.o [1]
  .rodata            const    0x10007244    0x10  fsl_dspi.o [1]
  .rodata            const    0x10007254    0x10  fsl_dspi.o [1]
  .rodata            const    0x10007264    0x10  fsl_edma.o [1]
  .rodata            const    0x10007274    0x10  fsl_edma.o [1]
  .rodata            const    0x10007284    0x10  fsl_ftm.o [1]
  .rodata            const    0x10007294    0x10  fsl_ftm.o [1]
  .rodata            const    0x100072a4    0x10  fsl_ftm.o [1]
  .rodata            const    0x100072b4    0x10  fsl_ftm.o [1]
  .rodata            const    0x100072c4     0xc  clock_config.o [1]
  .rodata            const    0x100072d0     0xc  fsl_clock.o [1]
  .rodata            const    0x100072dc     0xc  fsl_clock.o [1]
  .rodata            const    0x100072e8     0xc  fsl_edma.o [1]
  .rodata            const    0x100072f4     0xc  fsl_flash.o [1]
  .rodata            const    0x10007300     0xc  fsl_ftm.o [1]
  .rodata            const    0x1000730c     0xc  fsl_ftm.o [1]
  .rodata            const    0x10007318     0xc  fsl_ftm.o [1]
  .rodata            const    0x10007324     0xc  fsl_ftm.o [1]
  .rodata            const    0x10007330     0xc  fsl_log.o [1]
  .rodata            const    0x1000733c     0xc  Screen.o [1]
  .rodata            const    0x10007348     0xc  Screen.o [1]
  .text              ro code  0x10007354     0xc  cstartup_M.o [5]
  .rodata            const    0x10007360     0x8  AetherDriver_KeyBoard.o [1]
  .rodata            const    0x10007368     0x8  Camera.o [1]
  .rodata            const    0x10007370     0x8  clock_config.o [1]
  .rodata            const    0x10007378     0x8  clock_config.o [1]
  .rodata            const    0x10007380     0x8  fsl_clock.o [1]
  .rodata            const    0x10007388     0x8  fsl_ftm.o [1]
  .rodata            const    0x10007390     0x8  fsl_pit.o [1]
  .rodata            const    0x10007398     0x8  fsl_uart.o [1]
  .rodata            const    0x100073a0     0x8  fsl_uart.o [1]
  .rodata            const    0x100073a8     0x8  Screen.o [1]
  .rodata            const    0x100073b0     0x8  Screen.o [1]
  .rodata            const    0x100073b8     0x8  Screen.o [1]
  .rodata            const    0x100073c0     0x8  Screen.o [1]
  .rodata            const    0x100073c8     0x8  Screen.o [1]
  .rodata            const    0x100073d0     0x8  Screen.o [1]
  .rodata            const    0x100073d8     0x8  Screen.o [1]
  .rodata            const    0x100073e0     0x8  Screen.o [1]
  .rodata            const    0x100073e8     0x8  Screen.o [1]
  .rodata            const    0x100073f0     0x8  Screen.o [1]
  .rodata            const    0x100073f8     0x8  Screen.o [1]
  .rodata            const    0x10007400     0x8  Screen.o [1]
  .rodata            const    0x10007408     0x8  Screen.o [1]
  .rodata            const    0x10007410     0x8  Screen.o [1]
  .rodata            const    0x10007418     0x8  Screen.o [1]
  .text              ro code  0x10007420     0x8  startup_MKV58F24.o [1]
  .text              ro code  0x10007428     0x8  startup_MKV58F24.o [1]
  .text              ro code  0x10007430     0x8  startup_MKV58F24.o [1]
  .text              ro code  0x10007438     0x8  startup_MKV58F24.o [1]
  .text              ro code  0x10007440     0x8  startup_MKV58F24.o [1]
  .text              ro code  0x10007448     0x8  startup_MKV58F24.o [1]
  .text              ro code  0x10007450     0x8  startup_MKV58F24.o [1]
  .text              ro code  0x10007458     0x8  startup_MKV58F24.o [1]
  .text              ro code  0x10007460     0x8  startup_MKV58F24.o [1]
  .text              ro code  0x10007468     0x8  startup_MKV58F24.o [1]
  .text              ro code  0x10007470     0x8  startup_MKV58F24.o [1]
  .text              ro code  0x10007478     0x8  startup_MKV58F24.o [1]
  .text              ro code  0x10007480     0x8  startup_MKV58F24.o [1]
  .text              ro code  0x10007488     0x8  startup_MKV58F24.o [1]
  .text              ro code  0x10007490     0x8  startup_MKV58F24.o [1]
  .text              ro code  0x10007498     0x8  startup_MKV58F24.o [1]
  .text              ro code  0x100074a0     0x8  startup_MKV58F24.o [1]
  .text              ro code  0x100074a8     0x8  startup_MKV58F24.o [1]
  .text              ro code  0x100074b0     0x8  startup_MKV58F24.o [1]
  .text              ro code  0x100074b8     0x8  startup_MKV58F24.o [1]
  .text              ro code  0x100074c0     0x8  startup_MKV58F24.o [1]
  .text              ro code  0x100074c8     0x8  startup_MKV58F24.o [1]
  .text              ro code  0x100074d0     0x8  startup_MKV58F24.o [1]
  .text              ro code  0x100074d8     0x8  startup_MKV58F24.o [1]
  .text              ro code  0x100074e0     0x8  startup_MKV58F24.o [1]
  .text              ro code  0x100074e8     0x8  startup_MKV58F24.o [1]
  .text              ro code  0x100074f0     0x8  startup_MKV58F24.o [1]
  .text              ro code  0x100074f8     0x8  startup_MKV58F24.o [1]
  .text              ro code  0x10007500     0x8  startup_MKV58F24.o [1]
  .text              ro code  0x10007508     0x8  startup_MKV58F24.o [1]
  .text              ro code  0x10007510     0x8  startup_MKV58F24.o [1]
  .text              ro code  0x10007518     0x8  startup_MKV58F24.o [1]
  .text              ro code  0x10007520     0x8  startup_MKV58F24.o [1]
  .text              ro code  0x10007528     0x8  startup_MKV58F24.o [1]
  .text              ro code  0x10007530     0x8  startup_MKV58F24.o [1]
  .text              ro code  0x10007538     0x8  startup_MKV58F24.o [1]
  .text              ro code  0x10007540     0x8  startup_MKV58F24.o [1]
  .text              ro code  0x10007548     0x8  startup_MKV58F24.o [1]
  .text              ro code  0x10007550     0x8  startup_MKV58F24.o [1]
  .text              ro code  0x10007558     0x8  startup_MKV58F24.o [1]
  .text              ro code  0x10007560     0x8  startup_MKV58F24.o [1]
  .text              ro code  0x10007568     0x8  startup_MKV58F24.o [1]
  .text              ro code  0x10007570     0x8  startup_MKV58F24.o [1]
  .text              ro code  0x10007578     0x8  startup_MKV58F24.o [1]
  .text              ro code  0x10007580     0x8  startup_MKV58F24.o [1]
  .text              ro code  0x10007588     0x8  startup_MKV58F24.o [1]
  .text              ro code  0x10007590     0x8  startup_MKV58F24.o [1]
  .text              ro code  0x10007598     0x8  startup_MKV58F24.o [1]
  .text              ro code  0x100075a0     0x8  startup_MKV58F24.o [1]
  .text              ro code  0x100075a8     0x8  startup_MKV58F24.o [1]
  .rodata            const    0x100075b0     0x4  AetherDriver_KeyBoard.o [1]
  .rodata            const    0x100075b4     0x4  AetherDriver_KeyBoard.o [1]
  .rodata            const    0x100075b8     0x4  Camera.o [1]
  .rodata            const    0x100075bc     0x4  fsl_dmamux.o [1]
  .rodata            const    0x100075c0     0x4  fsl_dmamux.o [1]
  .rodata            const    0x100075c4     0x4  fsl_edma.o [1]
  .rodata            const    0x100075c8     0x4  fsl_edma.o [1]
  .rodata            const    0x100075cc     0x4  fsl_flash.o [1]
  .rodata            const    0x100075d0     0x4  fsl_pit.o [1]
  .rodata            const    0x100075d4     0x4  fsl_pit.o [1]
  .text              ro code  0x100075d8     0x4  startup_MKV58F24.o [1]
  .rodata            const    0x100075dc     0x0  zero_init3.o [5]
  .rodata            const    0x100075dc     0x0  lz77_init.o [5]
  Initializer bytes  const    0x100075dc   0x7e1  <for RW-1>
                            - 0x10007dbd  0x79ad

"P6":                                      0x400
  CSTACK                      0x2001fc00   0x400  <Block>
    CSTACK           uninit   0x2001fc00   0x400  <Block tail>
                            - 0x20020000   0x400


*******************************************************************************
*** INIT TABLE
***

          Address     Size
          -------     ----
Zero (__iar_zero_init3)
    1 destination range, total size 0xcc90:
          0x00000b4c  0xcc90

Copy/lz77 (__iar_lz77_init3)
    1 source range, total size 0x7e1 (69% of destination):
          0x100075dc   0x7e1
    1 destination range, total size 0xb45:
          0x00000004   0xb45



*******************************************************************************
*** MODULE SUMMARY
***

    Module                            ro code  rw code  ro data  rw data
    ------                            -------  -------  -------  -------
Z:\Aether\debug\obj: [1]
    AetherDriver_FLASH.o                  404                         64
    AetherDriver_GPIO.o                            280      195
    AetherDriver_KeyBoard.o               224                48
    AetherDriver_LPTMR.o                            84       59
    AetherDriver_PIT.o                    560                         21
    AetherDriver_RingBuff.o                58
    AetherDriver_SCCB.o                   920
    AetherDriver_SPI.o                     80
    AetherDriver_UART.o                   340                        248
    AetherDriver_UART_DataAnalysis.o       26
    Beep.o                                 64
    Camera.o                            1 572      224      309        2
    Controler.o                           424
    GlobalVars.o                                              1      118
    ImageAnalysis.o                              2 276    1 594    6 013
    Init.o                                396
    Motor.o                               588
    RGB.o                                 108
    Screen.o                            3 232             1 680      256
    Speed.o                               204                 2        2
    Steer.o                               664
    clock_config.o                        136                28
    fsl_assert.o                           28                44
    fsl_clock.o                         1 640                85       12
    fsl_debug_console.o                   124
    fsl_dmamux.o                          108                80
    fsl_dspi.o                            204                80       20
    fsl_edma.o                          1 892               232      128
    fsl_enet.o                             88                         20
    fsl_flash.o                         1 564                76      148
    fsl_flexcan.o                         156                92       16
    fsl_ftm.o                           1 884               176
    fsl_i2c.o                             100                         16
    fsl_io.o                               72                          8
    fsl_log.o                              92                44
    fsl_pit.o                             164                80
    fsl_str.o                             808
    fsl_uart.o                          1 016               276       28
    list.o                                 64
    main.o                                 76                 3   45 125
    port.o                                 48
    portasm.o                             168
    startup_MKV58F24.o                  1 496
    system_MKV58F24.o                     628                 3        4
    tasks.o                               480                        140
    --------------------------------------------------------------------
    Total:                             22 900    2 864    5 187   52 389

command line: [2]
    --------------------------------------------------------------------
    Total:

dl7M_tln.a: [3]
    abort.o                                 6
    exit.o                                  4
    low_level_init.o                        4
    sprintf.o                              52
    xprintfsmall.o                      1 240
    xsprout.o                              10
    --------------------------------------------------------------------
    Total:                              1 316

m7M_tls.a: [4]
    DblAdd.o                              232
    DblMul.o                              418
    DblSub.o                              364
    DblToFlt.o                            144
    DblToI32.o                             76
    FltToDbl.o                             78
    fpinit_M.o                             34
    --------------------------------------------------------------------
    Total:                              1 346

rt7M_tl.a: [5]
    ABImemclr4.o                            6
    ABImemcpy_unaligned.o                 118
    ABImemset.o                           102
    ABImemset48.o                          50
    I64DivMod.o                           238
    I64DivZer.o                             2
    cexit.o                                10
    cmain.o                                26
    cstartup_M.o                           12
    data_init.o                            40
    lz77_init.o                           470
    memchr.o                               88
    strchr.o                               22
    strlen.o                               54
    zero_init3.o                           64
    --------------------------------------------------------------------
    Total:                              1 302

shb_l.a: [6]
    exit.o                                 20
    --------------------------------------------------------------------
    Total:                                 20

    Gaps                                    6                 4
    Linker created                         64                44    1 024
------------------------------------------------------------------------
    Grand Total:                       26 954    2 864    5 235   53 413


*******************************************************************************
*** ENTRY LIST
***

Entry                      Address    Size  Type      Object
-----                      -------    ----  ----      ------
.iar.init_table$$Base   0x10006f18           --   Gb  - Linker created -
.iar.init_table$$Limit  0x10006f44           --   Gb  - Linker created -
?main                   0x10007171          Code  Gb  cmain.o [5]
ASCII_8x16              0x10004f18   0x600  Data  Gb  Screen.o [1]
BOARD_BootClockRUN      0x10006529    0x38  Code  Gb  clock_config.o [1]
BOARD_InitBootClocks    0x10006521     0x8  Code  Gb  clock_config.o [1]
Beep_Init               0x100067d5    0x1a  Code  Gb  Beep.o [1]
BuffPush                0x10006947    0x24  Code  Gb  AetherDriver_RingBuff.o [1]
Button_Init             0x10006761    0x36  Code  Gb  AetherDriver_KeyBoard.o [1]
CAN0_DriverIRQHandler   0x10006af9    0x28  Code  Gb  fsl_flexcan.o [1]
CAN1_DriverIRQHandler   0x10006b21    0x28  Code  Gb  fsl_flexcan.o [1]
CAN2_DriverIRQHandler   0x10006b49    0x28  Code  Gb  fsl_flexcan.o [1]
CLOCK_BootToPeeMode     0x100033d5    0x4c  Code  Gb  fsl_clock.o [1]
CLOCK_CONFIG_SetFllExtRefDiv
                        0x1000650b    0x16  Code  Lc  clock_config.o [1]
CLOCK_CONFIG_SetSimSafeDivs
                        0x10006503     0x8  Code  Lc  clock_config.o [1]
CLOCK_EnableClock       0x10004ead    0x16  Code  Lc  fsl_dmamux.o [1]
CLOCK_EnableClock       0x10003d85    0x16  Code  Lc  fsl_edma.o [1]
CLOCK_EnableClock       0x1000267d    0x16  Code  Lc  fsl_ftm.o [1]
CLOCK_EnableClock       0x10005c09    0x16  Code  Lc  fsl_pit.o [1]
CLOCK_EnableClock       0x1000398d    0x16  Code  Lc  fsl_uart.o [1]
CLOCK_EnableClock       0x100063b5    0x16  Code  Lc  Init.o [1]
CLOCK_EnableClock       0x10006865    0x16  Code  Lc  Speed.o [1]
CLOCK_EnablePll0        0x1000324f    0x64  Code  Gb  fsl_clock.o [1]
CLOCK_GetBusClkFreq     0x10003003    0x18  Code  Gb  fsl_clock.o [1]
CLOCK_GetEr32kClkFreq   0x10002f97    0x3c  Code  Gb  fsl_clock.o [1]
CLOCK_GetFixedFreqClkFreq
                        0x100031d5    0x1e  Code  Gb  fsl_clock.o [1]
CLOCK_GetFllExtRefClkFreq
                        0x10002e53    0x58  Code  Lc  fsl_clock.o [1]
CLOCK_GetFllFreq        0x10003169    0x56  Code  Gb  fsl_clock.o [1]
CLOCK_GetFllFreq::fllFactorTable
                        0x10007224    0x10  Data  Lc  fsl_clock.o [1]
CLOCK_GetFllRefClkFreq  0x10002ed1    0x20  Code  Lc  fsl_clock.o [1]
CLOCK_GetFreq           0x1000301b    0xf0  Code  Gb  fsl_clock.o [1]
CLOCK_GetInternalRefClkFreq
                        0x100031bf    0x16  Code  Gb  fsl_clock.o [1]
CLOCK_GetInternalRefClkSelectFreq
                        0x10002eab    0x26  Code  Lc  fsl_clock.o [1]
CLOCK_GetMcgExtClkFreq  0x10002e2d    0x26  Code  Lc  fsl_clock.o [1]
CLOCK_GetOsc0ErClkDivFreq
                        0x10002f55    0x42  Code  Gb  fsl_clock.o [1]
CLOCK_GetOsc0ErClkUndivFreq
                        0x10002f1f    0x36  Code  Gb  fsl_clock.o [1]
CLOCK_GetOscRangeFromFreq
                        0x10002ef9    0x26  Code  Lc  fsl_clock.o [1]
CLOCK_GetOutClkFreq     0x10003125    0x44  Code  Gb  fsl_clock.o [1]
CLOCK_GetPll0Freq       0x100031f3    0x56  Code  Gb  fsl_clock.o [1]
CLOCK_GetPll0RefFreq    0x10002ef1     0x8  Code  Lc  fsl_clock.o [1]
CLOCK_GetPllFllSelClkFreq
                        0x10002fd3    0x30  Code  Gb  fsl_clock.o [1]
CLOCK_InitOsc0          0x100032b3    0x58  Code  Gb  fsl_clock.o [1]
CLOCK_SetEr32kClock     0x10002dd9    0x1a  Code  Lc  fsl_clock.o [1]
CLOCK_SetExternalRefClkConfig
                        0x10003249     0x6  Code  Gb  fsl_clock.o [1]
CLOCK_SetPbeMode        0x10003339    0x82  Code  Gb  fsl_clock.o [1]
CLOCK_SetPllFllSelClock
                        0x10002df3    0x1a  Code  Lc  fsl_clock.o [1]
CLOCK_SetSimConfig      0x1000310b    0x1a  Code  Gb  fsl_clock.o [1]
CLOCK_SetXtal0Freq      0x100064fd     0x6  Code  Lc  clock_config.o [1]
CPU_Delay               0x10004e9d    0x10  Code  Gb  AetherDriver_SCCB.o [1]
CSTACK$$Base            0x2001fc00           --   Gb  - Linker created -
CSTACK$$Limit           0x20020000           --   Gb  - Linker created -
ConvertRadixNumToString
                        0x100035c1    0xcc  Code  Lc  fsl_str.o [1]
DISPLAY_FLAG            0x0000d7da     0x1  Data  Gb  GlobalVars.o [1]
DMA0_DMA16_IRQHandler   0x0000018d     0x8  Code  Gb  Camera.o [1]
DMA10_DMA26_DriverIRQHandler
                        0x100043d1    0x2c  Code  Gb  fsl_edma.o [1]
DMA11_DMA27_DriverIRQHandler
                        0x100043fd    0x2c  Code  Gb  fsl_edma.o [1]
DMA12_DMA28_DriverIRQHandler
                        0x10004429    0x2c  Code  Gb  fsl_edma.o [1]
DMA13_DMA29_DriverIRQHandler
                        0x10004455    0x2c  Code  Gb  fsl_edma.o [1]
DMA14_DMA30_DriverIRQHandler
                        0x10004481    0x2c  Code  Gb  fsl_edma.o [1]
DMA15_DMA31_DriverIRQHandler
                        0x100044ad    0x2c  Code  Gb  fsl_edma.o [1]
DMA1_DMA17_DriverIRQHandler
                        0x10004205    0x34  Code  Gb  fsl_edma.o [1]
DMA2_DMA18_DriverIRQHandler
                        0x10004241    0x34  Code  Gb  fsl_edma.o [1]
DMA3_DMA19_DriverIRQHandler
                        0x10004275    0x34  Code  Gb  fsl_edma.o [1]
DMA4_DMA20_DriverIRQHandler
                        0x100042a9    0x34  Code  Gb  fsl_edma.o [1]
DMA5_DMA21_DriverIRQHandler
                        0x100042dd    0x34  Code  Gb  fsl_edma.o [1]
DMA6_DMA22_DriverIRQHandler
                        0x10004311    0x32  Code  Gb  fsl_edma.o [1]
DMA7_DMA23_DriverIRQHandler
                        0x10004345    0x30  Code  Gb  fsl_edma.o [1]
DMA8_DMA24_DriverIRQHandler
                        0x10004379    0x2c  Code  Gb  fsl_edma.o [1]
DMA9_DMA25_DriverIRQHandler
                        0x100043a5    0x2c  Code  Gb  fsl_edma.o [1]
DMAMUX_EnableChannel    0x100045a3    0x26  Code  Lc  Camera.o [1]
DMAMUX_GetInstance      0x10004ec3    0x30  Code  Lc  fsl_dmamux.o [1]
DMAMUX_Init             0x10004ef3    0x16  Code  Gb  fsl_dmamux.o [1]
DMAMUX_SetSource        0x100045c9    0x2e  Code  Lc  Camera.o [1]
DSPI_CommonIRQHandler   0x1000698d    0x28  Code  Lc  fsl_dspi.o [1]
DSPI_IsMaster           0x10006985     0x8  Code  Lc  fsl_dspi.o [1]
DbgConsole_Printf       0x10003545    0x3c  Code  Gb  fsl_debug_console.o [1]
DbgConsole_RelocateLog  0x10003581    0x40  Code  Lc  fsl_debug_console.o [1]
DisableGlobalIRQ        0x100063cb     0x8  Code  Lc  Init.o [1]
DisableIRQ              0x10004545    0x1c  Code  Lc  Camera.o [1]
Display_ASCII8X16       0x10000927    0xcc  Code  Gb  Screen.o [1]
Display_Number          0x100009f3    0x34  Code  Gb  Screen.o [1]
EDMA_ClearChannelStatusFlags
                        0x100040bd    0x30  Code  Gb  fsl_edma.o [1]
EDMA_EnableAutoStopRequest
                        0x10004561    0x42  Code  Lc  Camera.o [1]
EDMA_EnableChannelInterrupts
                        0x10003ef5    0x66  Code  Gb  fsl_edma.o [1]
EDMA_GetChannelStatusFlags
                        0x10004075    0x48  Code  Gb  fsl_edma.o [1]
EDMA_GetInstance        0x10003d9b    0x36  Code  Lc  fsl_edma.o [1]
EDMA_HandleIRQ          0x1000410d    0xf8  Code  Gb  fsl_edma.o [1]
EDMA_Init               0x10003dd1    0x56  Code  Gb  fsl_edma.o [1]
EDMA_ResetChannel       0x10003e27    0x2c  Code  Gb  fsl_edma.o [1]
EDMA_SetBandWidth       0x10003eb7    0x3e  Code  Gb  fsl_edma.o [1]
EDMA_SetTransferConfig  0x10003e53    0x64  Code  Gb  fsl_edma.o [1]
EDMA_TcdReset           0x10003f5b    0x66  Code  Gb  fsl_edma.o [1]
EDMA_TcdSetTransferConfig
                        0x10003fc1    0xb4  Code  Gb  fsl_edma.o [1]
ENET_1588_Timer_IRQHandler
                        0x10006c29    0x10  Code  Gb  fsl_enet.o [1]
ENET_Error_IRQHandler   0x10006c19    0x10  Code  Gb  fsl_enet.o [1]
ENET_Receive_IRQHandler
                        0x10006c09    0x10  Code  Gb  fsl_enet.o [1]
ENET_Transmit_IRQHandler
                        0x10006bf9    0x10  Code  Gb  fsl_enet.o [1]
EdgeLeft                0x00002510    0x7c  Data  Gb  ImageAnalysis.o [1]
EdgeRight               0x0000258c    0x7c  Data  Gb  ImageAnalysis.o [1]
EnableGlobalIRQ         0x100063d3     0x6  Code  Lc  Init.o [1]
EnableIRQ               0x100059f3    0x1c  Code  Lc  AetherDriver_PIT.o [1]
EnableIRQ               0x1000659f    0x1c  Code  Lc  AetherDriver_UART.o [1]
EnableIRQ               0x10004529    0x1c  Code  Lc  Camera.o [1]
FLASH_Erase             0x10001faf    0xaa  Code  Gb  fsl_flash.o [1]
FLASH_GetProperty       0x100022cb    0x80  Code  Gb  fsl_flash.o [1]
FLASH_GetSecurityState  0x1000210d    0x44  Code  Gb  fsl_flash.o [1]
FLASH_Init              0x10001ef5    0x90  Code  Gb  fsl_flash.o [1]
FLASH_PrepareExecuteInRamFunctions
                        0x10001f85    0x2a  Code  Gb  fsl_flash.o [1]
FLASH_Program           0x10002059    0xb4  Code  Gb  fsl_flash.o [1]
FLASH_VerifyErase       0x10002151    0xc2  Code  Gb  fsl_flash.o [1]
FLASH_VerifyProgram     0x10002213    0xb8  Code  Gb  fsl_flash.o [1]
FTM_ClearQuadDecoderCounterValue
                        0x10005a13     0x6  Code  Lc  AetherDriver_PIT.o [1]
FTM_ClearQuadDecoderCounterValue
                        0x1000687b     0x6  Code  Lc  Speed.o [1]
FTM_GetDefaultConfig    0x10002947    0x4e  Code  Gb  fsl_ftm.o [1]
FTM_GetInstance         0x100026ad    0x38  Code  Lc  fsl_ftm.o [1]
FTM_GetQuadDecoderCounterValue
                        0x10005a0f     0x4  Code  Lc  AetherDriver_PIT.o [1]
FTM_Init                0x1000289f    0xa8  Code  Gb  fsl_ftm.o [1]
FTM_SetPwmSync          0x100026e5    0xa8  Code  Lc  fsl_ftm.o [1]
FTM_SetReloadPoints     0x1000278d   0x112  Code  Lc  fsl_ftm.o [1]
FTM_SetSoftwareTrigger  0x10002693    0x1a  Code  Lc  fsl_ftm.o [1]
FTM_SetupPwm            0x10002995   0x278  Code  Gb  fsl_ftm.o [1]
FTM_SetupQuadDecode     0x10002cf3    0xaa  Code  Gb  fsl_ftm.o [1]
FTM_StartTimer          0x1000578d    0x14  Code  Lc  Motor.o [1]
FTM_StartTimer          0x10001751    0x14  Code  Lc  Steer.o [1]
FTM_UpdatePwmDutycycle  0x10002c0d    0xe6  Code  Gb  fsl_ftm.o [1]
FiveKey_Init            0x100066ff    0x62  Code  Gb  AetherDriver_KeyBoard.o [1]
Flash_init              0x1000141f    0x40  Code  Gb  AetherDriver_FLASH.o [1]
GV_speedControlT        0x00000e1c    0x5c  Data  Gb  GlobalVars.o [1]
GV_steerControlT        0x00000e78    0x14  Data  Gb  GlobalVars.o [1]
GV_steerPwmOutValueI    0x0000d7d6     0x2  Data  Gb  GlobalVars.o [1]
I2C0_DriverIRQHandler   0x10006bcd     0xe  Code  Gb  fsl_i2c.o [1]
I2C1_DriverIRQHandler   0x10006bdb     0xe  Code  Gb  fsl_i2c.o [1]
I2C_TransferCommonIRQHandler
                        0x10006b95    0x32  Code  Lc  fsl_i2c.o [1]
IMG_NOW                 0x0000000c     0x4  Data  Gb  main.o [1]
IO_Transfer             0x10003945    0x42  Code  Gb  fsl_io.o [1]
I_abs                   0x00000b2d     0xa  Code  Gb  ImageAnalysis.o [1]
ImageControlor          0x100061d5   0x170  Code  Gb  Controler.o [1]
InStream_Read           0x10005fd5    0x26  Code  Lc  lz77_init.o [5]
InStream_StepRegion     0x10005fc1    0x14  Code  Lc  lz77_init.o [5]
Init                    0x100063f5    0xd0  Code  Gb  Init.o [1]
InitQueue               0x1000696b    0x1a  Code  Gb  AetherDriver_UART_DataAnalysis.o [1]
InitalizeRingBuff       0x10006931    0x16  Code  Gb  AetherDriver_RingBuff.o [1]
LCD_DrawPicture_Small   0x10000857    0x72  Code  Gb  Screen.o [1]
LCD_WriteData_16Bit     0x100004c1    0x4a  Code  Gb  Screen.o [1]
LOG_Pop                 0x1000390d    0x30  Code  Gb  fsl_log.o [1]
LOG_Push                0x100038e9    0x24  Code  Gb  fsl_log.o [1]
Lcd_SetRegion           0x100007db    0x56  Code  Gb  Screen.o [1]
Lcd_WriteData           0x10000483    0x3e  Code  Gb  Screen.o [1]
Lcd_WriteIndex          0x10000445    0x3e  Code  Gb  Screen.o [1]
LoadInt                 0x10001d71    0x4c  Code  Lc  xprintfsmall.o [3]
MT9V034_CaptureAccomplished
                        0x0000d7db     0x1  Data  Gb  main.o [1]
MT9V034_DMA_Callback    0x00000229     0xe  Code  Gb  Camera.o [1]
MT9V034_DMA_Init        0x10004a1f    0xb4  Code  Gb  Camera.o [1]
MT9V034_FrameValid_Callback
                        0x00000195    0x7e  Code  Gb  Camera.o [1]
MT9V034_FrameValid_Callback::line
                        0x0000d7d4     0x2  Data  Lc  Camera.o [1]
MT9V034_IMGBUFF_A       0x00002608  0x5820  Data  Gb  main.o [1]
MT9V034_IMGBUFF_B       0x00007e28  0x5820  Data  Gb  main.o [1]
MT9V034_Init            0x100048dd   0x142  Code  Gb  Camera.o [1]
MT9V034_LineValid_Callback
                        0x00000213    0x16  Code  Gb  Camera.o [1]
MT9V034_ReadReg         0x10004685    0x24  Code  Gb  Camera.o [1]
MT9V034_Reg_Init        0x10004813    0xca  Code  Gb  Camera.o [1]
MT9V034_Reset           0x100046a9    0x2a  Code  Gb  Camera.o [1]
MT9V034_SetAutoExposure
                        0x10004719    0x3e  Code  Gb  Camera.o [1]
MT9V034_SetFrameResolution
                        0x10004757    0xbc  Code  Gb  Camera.o [1]
MT9V034_SetReservedReg  0x100046d3    0x46  Code  Gb  Camera.o [1]
MT9V034_WriteReg        0x1000463d    0x48  Code  Gb  Camera.o [1]
MotorInit               0x100058e7    0xea  Code  Gb  Motor.o [1]
MotorOut_PWM            0x10005893    0x54  Code  Gb  Motor.o [1]
OSC_SetCapLoad          0x10002e21     0xc  Code  Lc  fsl_clock.o [1]
OSC_SetExtRefClkConfig  0x10002e0d    0x14  Code  Lc  fsl_clock.o [1]
OutStream_Write         0x10005ffb    0x40  Code  Lc  lz77_init.o [5]
PIDControl              0x100057dd    0x54  Code  Gb  Motor.o [1]
PIDInit                 0x100057bd    0x20  Code  Gb  Motor.o [1]
PIT0_IRQHandler         0x10005b05    0xb4  Code  Gb  AetherDriver_PIT.o [1]
PIT0_IRQHandler::loop_flag
                        0x0000d7d8     0x1  Data  Lc  AetherDriver_PIT.o [1]
PIT0_IRQHandler::temp   0x00000b8c    0x14  Data  Lc  AetherDriver_PIT.o [1]
PIT0_Init               0x10005ab7    0x4e  Code  Gb  AetherDriver_PIT.o [1]
PIT1_IRQHandler         0x10005bb9     0xe  Code  Gb  AetherDriver_PIT.o [1]
PIT2_IRQHandler         0x10005bc7     0xe  Code  Gb  AetherDriver_PIT.o [1]
PIT3_IRQHandler         0x10005bd5     0xe  Code  Gb  AetherDriver_PIT.o [1]
PIT_ClearStatusFlags    0x10005a9f     0xc  Code  Lc  AetherDriver_PIT.o [1]
PIT_EnableInterrupts    0x10005a83    0x1c  Code  Lc  AetherDriver_PIT.o [1]
PIT_GetInstance         0x10005c1f    0x30  Code  Lc  fsl_pit.o [1]
PIT_Init                0x10005c4f    0x4a  Code  Gb  fsl_pit.o [1]
PIT_SetTimerChainMode   0x10005a45    0x3e  Code  Lc  AetherDriver_PIT.o [1]
PIT_SetTimerPeriod      0x10005aab     0xc  Code  Lc  AetherDriver_PIT.o [1]
PIT_StartTimer          0x100063d9    0x1a  Code  Lc  Init.o [1]
PORTB_IRQHandler        0x00000181     0xc  Code  Gb  Camera.o [1]
PORT_SetPinConfig       0x100066d9    0x26  Code  Lc  AetherDriver_KeyBoard.o [1]
PORT_SetPinConfig       0x100045f7    0x2a  Code  Lc  Camera.o [1]
PORT_SetPinInterruptConfig
                        0x10004621    0x1c  Code  Lc  Camera.o [1]
PORT_SetPinMux          0x10004b15    0x1c  Code  Lc  AetherDriver_SCCB.o [1]
PORT_SetPinMux          0x100065bb    0x1c  Code  Lc  AetherDriver_UART.o [1]
PORT_SetPinMux          0x100067b9    0x1c  Code  Lc  Beep.o [1]
PORT_SetPinMux          0x100057a1    0x1c  Code  Lc  Motor.o [1]
PORT_SetPinMux          0x100067f9    0x1c  Code  Lc  RGB.o [1]
PORT_SetPinMux          0x10000429    0x1c  Code  Lc  Screen.o [1]
PORT_SetPinMux          0x10006881    0x1c  Code  Lc  Speed.o [1]
PORT_SetPinMux          0x10001765    0x1c  Code  Lc  Steer.o [1]
PendSV_Handler          0x10006a51          Code  Gb  portasm.o [1]
PutPixel                0x10000831    0x26  Code  Gb  Screen.o [1]
Queue                   0x00000c84    0x14  Data  Gb  AetherDriver_UART.o [1]
RGB_Init                0x10006815    0x46  Code  Gb  RGB.o [1]
RW$$Base                0x00000004           --   Gb  - Linker created -
RW$$Limit               0x00000b49           --   Gb  - Linker created -
Region$$Table$$Base     0x10006f18           --   Gb  - Linker created -
Region$$Table$$Limit    0x10006f44           --   Gb  - Linker created -
Reset                   0x1000050b    0x30  Code  Gb  Screen.o [1]
SCB_CleanInvalidateDCache
                        0x100013d5    0x4a  Code  Lc  AetherDriver_FLASH.o [1]
SCB_EnableDCache        0x10005545    0x5a  Code  Lc  system_MKV58F24.o [1]
SCB_EnableICache        0x10005519    0x2c  Code  Lc  system_MKV58F24.o [1]
SCCB_Ack                0x10004bf5    0x42  Code  Lc  AetherDriver_SCCB.o [1]
SCCB_Init               0x10004b31    0x30  Code  Gb  AetherDriver_SCCB.o [1]
SCCB_NoAck              0x10004c37    0x42  Code  Lc  AetherDriver_SCCB.o [1]
SCCB_ReadByte_soft      0x10004e25    0x78  Code  Gb  AetherDriver_SCCB.o [1]
SCCB_ReceiveByte        0x10004d4f    0x72  Code  Gb  AetherDriver_SCCB.o [1]
SCCB_SendByte           0x10004ced    0x62  Code  Gb  AetherDriver_SCCB.o [1]
SCCB_Start              0x10004b61    0x4a  Code  Gb  AetherDriver_SCCB.o [1]
SCCB_Stop               0x10004bab    0x4a  Code  Gb  AetherDriver_SCCB.o [1]
SCCB_WaitAck            0x10004c79    0x74  Code  Gb  AetherDriver_SCCB.o [1]
SCCB_WriteByte_soft     0x10004dd9    0x4c  Code  Gb  AetherDriver_SCCB.o [1]
SPI0_DriverIRQHandler   0x100069b5    0x26  Code  Gb  fsl_dspi.o [1]
SPI1_DriverIRQHandler   0x100069db    0x26  Code  Gb  fsl_dspi.o [1]
SPI2_DriverIRQHandler   0x10006a01    0x26  Code  Gb  fsl_dspi.o [1]
SPI_WriteData           0x100010c9    0x50  Code  Gb  AetherDriver_SPI.o [1]
STEER_MIDDLE            0x00000b44     0x2  Data  Gb  GlobalVars.o [1]
SVC_Handler             0x10006aa9          Code  Gb  portasm.o [1]
SpaceMiddles            0x00002494    0x7c  Data  Gb  ImageAnalysis.o [1]
SpeedComput             0x10005831    0x62  Code  Gb  Motor.o [1]
Speed_Init              0x1000689d    0x80  Code  Gb  Speed.o [1]
SteerControlor          0x100061c9     0xc  Code  Gb  Controler.o [1]
SteerInit               0x10001781    0x98  Code  Gb  Steer.o [1]
SteerOut                0x1000196d    0x46  Code  Gb  Steer.o [1]
SteerPWMCalculator      0x10001819   0x154  Code  Gb  Steer.o [1]
SteerSet                0x100019b3    0x1c  Code  Gb  Steer.o [1]
StrFormatPrintf         0x1000368d   0x25c  Code  Gb  fsl_str.o [1]
SysTick_Handler         0x10006d5d    0x28  Code  Gb  port.o [1]
SystemCoreClock         0x00000010     0x4  Data  Gb  system_MKV58F24.o [1]
SystemCoreClockUpdate   0x100055cf   0x174  Code  Gb  system_MKV58F24.o [1]
SystemInit              0x1000559f    0x30  Code  Gb  system_MKV58F24.o [1]
UART0_DriverIRQHandler  0x10003ce1    0x10  Code  Gb  fsl_uart.o [1]
UART0_RX_TX_DriverIRQHandler
                        0x10003cf1     0x8  Code  Gb  fsl_uart.o [1]
UART1_DriverIRQHandler  0x10003cf9    0x10  Code  Gb  fsl_uart.o [1]
UART1_RX_TX_DriverIRQHandler
                        0x10003d11     0x8  Code  Gb  fsl_uart.o [1]
UART2_DriverIRQHandler  0x10003d19    0x10  Code  Gb  fsl_uart.o [1]
UART2_RX_TX_DriverIRQHandler
                        0x10003d29     0x8  Code  Gb  fsl_uart.o [1]
UART3_DriverIRQHandler  0x10003d31    0x10  Code  Gb  fsl_uart.o [1]
UART3_RX_TX_DriverIRQHandler
                        0x10003d41     0x8  Code  Gb  fsl_uart.o [1]
UART4_Init              0x100065d7    0xc4  Code  Gb  AetherDriver_UART.o [1]
UART4_RX_TX_IRQHandler  0x1000669b    0x18  Code  Gb  AetherDriver_UART.o [1]
UART5_DriverIRQHandler  0x10003d49    0x10  Code  Gb  fsl_uart.o [1]
UART5_RX_TX_DriverIRQHandler
                        0x10003d7d     0x8  Code  Gb  fsl_uart.o [1]
UART_GetInstance        0x100039a3    0x38  Code  Gb  fsl_uart.o [1]
UART_GetStatusFlags     0x10003c13    0x1c  Code  Gb  fsl_uart.o [1]
UART_Init               0x100039db   0x238  Code  Gb  fsl_uart.o [1]
UART_ReadBlocking       0x10003c47    0x6a  Code  Gb  fsl_uart.o [1]
UART_WriteBlocking      0x10003c2f    0x18  Code  Gb  fsl_uart.o [1]
UART_buff               0x00000c68    0x14  Data  Gb  AetherDriver_UART.o [1]
Using_Flag              0x0000d7d9     0x1  Data  Gb  GlobalVars.o [1]
ZI$$Base                0x00000b4c           --   Gb  - Linker created -
ZI$$Limit               0x0000d7dc           --   Gb  - Linker created -
_LitobSmall             0x10001dbd    0xce  Code  Lc  xprintfsmall.o [3]
_PrintfSmall            0x100019e9   0x382  Code  Gb  xprintfsmall.o [3]
_PutcharsSmall          0x10001e8b    0x2e  Code  Lc  xprintfsmall.o [3]
_SProut                 0x1000114f     0xa  Code  Gb  xsprout.o [3]
__NVIC_DisableIRQ       0x10004505    0x24  Code  Lc  Camera.o [1]
__NVIC_EnableIRQ        0x100059d9    0x1a  Code  Lc  AetherDriver_PIT.o [1]
__NVIC_EnableIRQ        0x10006585    0x1a  Code  Lc  AetherDriver_UART.o [1]
__NVIC_EnableIRQ        0x100044e9    0x1c  Code  Lc  Camera.o [1]
__NVIC_SetPriority      0x1000638f    0x26  Code  Lc  Init.o [1]
__NVIC_SetPriorityGrouping
                        0x10006371    0x1e  Code  Lc  Init.o [1]
__Vectors               0x10000000           --   Gb  startup_MKV58F24.o [1]
__Vectors_End           0x10000400          Data  Gb  startup_MKV58F24.o [1]
__Vectors_Size {Abs}    0x00000400           --   Gb  startup_MKV58F24.o [1]
__aeabi_assert          0x10003529    0x1c  Code  Gb  fsl_assert.o [1]
__aeabi_d2f             0x100016b9          Code  Gb  DblToFlt.o [4]
__aeabi_d2iz            0x10001381          Code  Gb  DblToI32.o [4]
__aeabi_dadd            0x100015d1          Code  Gb  DblAdd.o [4]
__aeabi_dmul            0x100011dd          Code  Gb  DblMul.o [4]
__aeabi_f2d             0x1000118d          Code  Gb  FltToDbl.o [4]
__aeabi_ldiv0           0x10005d9d          Code  Gb  I64DivZer.o [5]
__aeabi_memclr4         0x100013cd          Code  Gb  ABImemclr4.o [5]
__aeabi_memset          0x10001569          Code  Gb  ABImemset.o [5]
__aeabi_uldivmod        0x10005cad          Code  Gb  I64DivMod.o [5]
__cmain                 0x10007171          Code  Gb  cmain.o [5]
__exit                  0x1000619d    0x14  Code  Gb  exit.o [6]
__iar_Memchr            0x10003459          Code  Gb  memchr.o [5]
__iar_Memset            0x10001569          Code  Gb  ABImemset.o [5]
__iar_Memset4_word      0x10001ec1          Code  Gb  ABImemset48.o [5]
__iar_Memset8_word      0x10001ec1          Code  Gb  ABImemset48.o [5]
__iar_Memset_word       0x10001571          Code  Gb  ABImemset.o [5]
__iar_Strchr            0x10003441          Code  Gb  strchr.o [5]
__iar_d2uiz             0x100013ad          Code  Gb  DblToI32.o [4]
__iar_dadd              0x100015e5          Code  Gb  DblAdd.o [4]
__iar_data_init3        0x10006e61    0x28  Code  Gb  data_init.o [5]
__iar_dsub              0x10002511          Code  Gb  DblSub.o [4]
__iar_dsubStart         0x10002523          Code  Gb  DblSub.o [4]
__iar_init_vfp          0x10006ef5          Code  Gb  fpinit_M.o [4]
__iar_lz77_init3        0x1000603b   0x15c  Code  Gb  lz77_init.o [5]
__iar_program_start     0x10007355          Code  Gb  cstartup_M.o [5]
__iar_unaligned___aeabi_memcpy
                        0x100034b1          Code  Gb  ABImemcpy_unaligned.o [5]
__iar_unaligned___aeabi_memcpy4
                        0x100034d1          Code  Gb  ABImemcpy_unaligned.o [5]
__iar_unaligned___aeabi_memcpy8
                        0x100034d1          Code  Gb  ABImemcpy_unaligned.o [5]
__iar_zero_init3        0x10006d1d    0x40  Code  Gb  zero_init3.o [5]
__low_level_init        0x1000718b     0x4  Code  Gb  low_level_init.o [3]
__vector_table          0x10000000          Data  Gb  startup_MKV58F24.o [1]
__vector_table_0x1c     0x1000001c          Data  Gb  startup_MKV58F24.o [1]
_call_main              0x1000717d          Code  Gb  cmain.o [5]
_exit                   0x10007195          Code  Gb  cexit.o [5]
_main                   0x10007187          Code  Gb  cmain.o [5]
abort                   0x10006197     0x6  Code  Gb  abort.o [3]
buffQueue               0x00000c7c     0x8  Data  Gb  AetherDriver_UART.o [1]
callFlashCommonBitOperation
                        0x00000d48     0x4  Data  Lc  fsl_flash.o [1]
callFlashRunCommand     0x00000d44     0x4  Data  Lc  fsl_flash.o [1]
convolution             0x00000261   0x3ce  Code  Gb  ImageAnalysis.o [1]
copy_flash_common_bit_operation
                        0x100023a9    0x1a  Code  Lc  fsl_flash.o [1]
copy_flash_run_command  0x1000234b    0x1a  Code  Lc  fsl_flash.o [1]
delay_ms                0x0000012d    0x40  Code  Gb  AetherDriver_LPTMR.o [1]
display_menu            0x10000d39   0x2dc  Code  Gb  Screen.o [1]
divide_gray             0x00000b48     0x1  Data  Gb  ImageAnalysis.o [1]
exit                    0x1000718f     0x4  Code  Gb  exit.o [3]
findMiddlePointBySpace  0x0000062f   0x484  Code  Gb  ImageAnalysis.o [1]
flash_cache_clear       0x100023e5     0xe  Code  Gb  fsl_flash.o [1]
flash_cache_clear_process
                        0x100023f3    0x1e  Code  Lc  fsl_flash.o [1]
flash_check_execute_in_ram_function_info
                        0x10002411    0x22  Code  Lc  fsl_flash.o [1]
flash_check_range       0x10002433    0x38  Code  Lc  fsl_flash.o [1]
flash_check_user_key    0x100024bf    0x10  Code  Lc  fsl_flash.o [1]
flash_command_sequence  0x10002365    0x44  Code  Lc  fsl_flash.o [1]
flash_from_menu         0x10000b09    0x34  Code  Gb  Screen.o [1]
flash_get_matched_operation_info
                        0x1000246b    0x54  Code  Lc  fsl_flash.o [1]
flash_property_get      0x1000145f    0x22  Code  Gb  AetherDriver_FLASH.o [1]
flash_read              0x10001511    0x32  Code  Gb  AetherDriver_FLASH.o [1]
flash_write             0x10001481    0x90  Code  Gb  AetherDriver_FLASH.o [1]
fmc_flash_prefetch_speculation_clear
                        0x100023c3    0x1a  Code  Gb  fsl_flash.o [1]
fullfill                0x100008c9    0x5e  Code  Gb  Screen.o [1]
g_Speed                 0x00000b46     0x2  Data  Gb  Speed.o [1]
g_dspiHandle            0x00000c9c     0xc  Data  Lc  fsl_dspi.o [1]
g_xtal0Freq             0x00000c98     0x4  Data  Gb  fsl_clock.o [1]
getLeftSpeed            0x10005a19    0x16  Code  Lc  AetherDriver_PIT.o [1]
getRightSpeed           0x10005a2f    0x16  Code  Lc  AetherDriver_PIT.o [1]
getSmallImage           0x00000ab3    0x6e  Code  Gb  ImageAnalysis.o [1]
gpio_init               0x00000015    0xd0  Code  Gb  AetherDriver_GPIO.o [1]
gpio_read               0x00000123     0xa  Code  Gb  AetherDriver_GPIO.o [1]
gpio_write              0x00000101    0x22  Code  Gb  AetherDriver_GPIO.o [1]
height                  0x10003527     0x1  Data  Lc  ImageAnalysis.o [1]
kFCCOBx                 0x100075cc     0x4  Data  Gb  fsl_flash.o [1]
kPFlashDensities        0x10007064    0x20  Data  Gb  fsl_flash.o [1]
lcd_initial             0x1000053b   0x2a0  Code  Gb  Screen.o [1]
main                    0x10006c51    0x4c  Code  Gb  main.o [1]
mcgConfig_BOARD_BootClockRUN
                        0x100072c4     0xc  Data  Gb  clock_config.o [1]
memchr                  0x10003459          Code  Gb  memchr.o [5]
menu                    0x10000a27    0xae  Code  Gb  Screen.o [1]
menu_from_code          0x10000c89    0xa8  Code  Gb  Screen.o [1]
menu_from_flash         0x10000ad5    0x34  Code  Gb  Screen.o [1]
menu_in                 0x10000b3d    0xb4  Code  Gb  Screen.o [1]
menu_list               0x0000d648   0x100  Data  Gb  Screen.o [1]
menu_out                0x10000bf1    0x94  Code  Gb  Screen.o [1]
oscConfig_BOARD_BootClockRUN
                        0x10007378     0x8  Data  Gb  clock_config.o [1]
pflashBlockBase         0x00000b80     0x4  Data  Lc  AetherDriver_FLASH.o [1]
pflashSectorSize        0x00000b88     0x4  Data  Lc  AetherDriver_FLASH.o [1]
pflashTotalSize         0x00000b84     0x4  Data  Lc  AetherDriver_FLASH.o [1]
prvResetNextTaskUnblockTime
                        0x10005f41    0x2a  Code  Lc  tasks.o [1]
pxCurrentTCB            0x0000d748     0x4  Data  Gb  tasks.o [1]
pxDelayedTaskList       0x0000d7b0     0x4  Data  Lc  tasks.o [1]
pxOverflowDelayedTaskList
                        0x0000d7b4     0x4  Data  Lc  tasks.o [1]
pxReadyTasksLists       0x0000d74c    0x64  Data  Lc  tasks.o [1]
s_EDMAHandle            0x00000cb0    0x80  Data  Lc  fsl_edma.o [1]
s_ENETHandle            0x00000d30     0x4  Data  Lc  fsl_enet.o [1]
s_debugConsoleIO        0x00000df8     0x8  Data  Lc  fsl_io.o [1]
s_dmamuxBases           0x100075bc     0x4  Data  Lc  fsl_dmamux.o [1]
s_dmamuxClockName       0x100075c0     0x4  Data  Lc  fsl_dmamux.o [1]
s_dspiMasterIsr         0x00000ca8     0x4  Data  Lc  fsl_dspi.o [1]
s_dspiSlaveIsr          0x00000cac     0x4  Data  Lc  fsl_dspi.o [1]
s_edmaBases             0x100075c4     0x4  Data  Lc  fsl_edma.o [1]
s_edmaClockName         0x100075c8     0x4  Data  Lc  fsl_edma.o [1]
s_enetErrIsr            0x00000d3c     0x4  Data  Lc  fsl_enet.o [1]
s_enetRxIsr             0x00000d38     0x4  Data  Lc  fsl_enet.o [1]
s_enetTsIsr             0x00000d40     0x4  Data  Lc  fsl_enet.o [1]
s_enetTxIsr             0x00000d34     0x4  Data  Lc  fsl_enet.o [1]
s_fastIrcFreq           0x00000008     0x4  Data  Lc  fsl_clock.o [1]
s_flashCommonBitOperation
                        0x00000d8c    0x40  Data  Lc  fsl_flash.o [1]
s_flashCommonBitOperationFunctionCode
                        0x100070e4    0x1c  Data  Lc  fsl_flash.o [1]
s_flashDriver           0x00000b4c    0x34  Data  Lc  AetherDriver_FLASH.o [1]
s_flashExecuteInRamFunctionInfo
                        0x00000dcc     0xc  Data  Lc  fsl_flash.o [1]
s_flashRunCommand       0x00000d4c    0x40  Data  Lc  fsl_flash.o [1]
s_flashRunCommandFunctionCode
                        0x100072f4     0xc  Data  Lc  fsl_flash.o [1]
s_flexcanHandle         0x00000dd8     0xc  Data  Lc  fsl_flexcan.o [1]
s_flexcanIsr            0x00000de4     0x4  Data  Lc  fsl_flexcan.o [1]
s_ftmBases              0x100072a4    0x10  Data  Lc  fsl_ftm.o [1]
s_ftmClocks             0x100072b4    0x10  Data  Lc  fsl_ftm.o [1]
s_i2cHandle             0x00000de8     0x8  Data  Lc  fsl_i2c.o [1]
s_i2cMasterIsr          0x00000df0     0x4  Data  Lc  fsl_i2c.o [1]
s_i2cSlaveIsr           0x00000df4     0x4  Data  Lc  fsl_i2c.o [1]
s_pitBases              0x100075d0     0x4  Data  Lc  fsl_pit.o [1]
s_pitClocks             0x100075d4     0x4  Data  Lc  fsl_pit.o [1]
s_slowIrcFreq           0x00000004     0x4  Data  Lc  fsl_clock.o [1]
s_uartBases             0x100071b8    0x18  Data  Lc  fsl_uart.o [1]
s_uartClock             0x100071d0    0x18  Data  Lc  fsl_uart.o [1]
s_uartHandle            0x00000e00    0x18  Data  Lc  fsl_uart.o [1]
s_uartIsr               0x00000e18     0x4  Data  Lc  fsl_uart.o [1]
simConfig_BOARD_BootClockRUN
                        0x10007370     0x8  Data  Gb  clock_config.o [1]
small_image             0x00000e8c  0x1608  Data  Gb  ImageAnalysis.o [1]
sprintf                 0x10001159    0x34  Code  Gb  sprintf.o [3]
strchr                  0x10003441          Code  Gb  strchr.o [5]
strlen                  0x10001119          Code  Gb  strlen.o [5]
ucRingBuffer            0x00000ba0    0xc8  Data  Gb  AetherDriver_UART.o [1]
uxListRemove            0x10005f99    0x28  Code  Gb  list.o [1]
uxPendedTicks           0x0000d7c0     0x4  Data  Lc  tasks.o [1]
uxSchedulerSuspended    0x0000d7d0     0x4  Data  Lc  tasks.o [1]
uxTopReadyPriority      0x0000d7bc     0x4  Data  Lc  tasks.o [1]
vListInsertEnd          0x10005f81    0x18  Code  Gb  list.o [1]
vPortEnableVFP          0x10006add          Code  Gb  portasm.o [1]
vPortStartFirstTask     0x10006ac5          Code  Gb  portasm.o [1]
vTaskSwitchContext      0x10005eb3    0x72  Code  Gb  tasks.o [1]
wigth                   0x10003526     0x1  Data  Lc  ImageAnalysis.o [1]
xNextTaskUnblockTime    0x0000d7cc     0x4  Data  Lc  tasks.o [1]
xNumOfOverflows         0x0000d7c8     0x4  Data  Lc  tasks.o [1]
xTaskIncrementTick      0x10005da1   0x112  Code  Gb  tasks.o [1]
xTickCount              0x0000d7b8     0x4  Data  Lc  tasks.o [1]
xYieldPending           0x0000d7c4     0x4  Data  Lc  tasks.o [1]


[1] = Z:\Aether\debug\obj
[2] = command line
[3] = dl7M_tln.a
[4] = m7M_tls.a
[5] = rt7M_tl.a
[6] = shb_l.a

  26 954 bytes of readonly  code memory
   2 864 bytes of readwrite code memory
   5 235 bytes of readonly  data memory
  53 413 bytes of readwrite data memory

Errors: none
Warnings: none
