###############################################################################
#
# IAR ELF Linker V7.80.3.12102/W32 for ARM                06/May/2018  06:25:05
# Copyright 2007-2016 IAR Systems AB.
#
#    Output file  =  Z:\AETHER_NEW\debug\cproject_templates.out
#    Map file     =  Z:\AETHER_NEW\debug\list\cproject_templates.map
#    Command line =  
#        Z:\AETHER_NEW\debug\obj\AetherDriver_ADC.o
#        Z:\AETHER_NEW\debug\obj\AetherDriver_FLASH.o
#        Z:\AETHER_NEW\debug\obj\AetherDriver_FTM.o
#        Z:\AETHER_NEW\debug\obj\AetherDriver_GPIO.o
#        Z:\AETHER_NEW\debug\obj\AetherDriver_KeyBoard.o
#        Z:\AETHER_NEW\debug\obj\AetherDriver_LPTMR.o
#        Z:\AETHER_NEW\debug\obj\AetherDriver_PIT.o
#        Z:\AETHER_NEW\debug\obj\AetherDriver_RingBuff.o
#        Z:\AETHER_NEW\debug\obj\AetherDriver_SCCB.o
#        Z:\AETHER_NEW\debug\obj\AetherDriver_SoftIIC.o
#        Z:\AETHER_NEW\debug\obj\AetherDriver_SPI.o
#        Z:\AETHER_NEW\debug\obj\AetherDriver_UART.o
#        Z:\AETHER_NEW\debug\obj\AetherDriver_UART_DataAnalysis.o
#        Z:\AETHER_NEW\debug\obj\Beep.o Z:\AETHER_NEW\debug\obj\board.o
#        Z:\AETHER_NEW\debug\obj\Camera.o
#        Z:\AETHER_NEW\debug\obj\clock_config.o
#        Z:\AETHER_NEW\debug\obj\Controler.o Z:\AETHER_NEW\debug\obj\croutine.o
#        Z:\AETHER_NEW\debug\obj\event_groups.o
#        Z:\AETHER_NEW\debug\obj\fsl_adc16.o Z:\AETHER_NEW\debug\obj\fsl_aoi.o
#        Z:\AETHER_NEW\debug\obj\fsl_assert.o
#        Z:\AETHER_NEW\debug\obj\fsl_clock.o Z:\AETHER_NEW\debug\obj\fsl_cmp.o
#        Z:\AETHER_NEW\debug\obj\fsl_common.o Z:\AETHER_NEW\debug\obj\fsl_crc.o
#        Z:\AETHER_NEW\debug\obj\fsl_dac.o
#        Z:\AETHER_NEW\debug\obj\fsl_debug_console.o
#        Z:\AETHER_NEW\debug\obj\fsl_dmamux.o
#        Z:\AETHER_NEW\debug\obj\fsl_dspi.o
#        Z:\AETHER_NEW\debug\obj\fsl_dspi_cmsis.o
#        Z:\AETHER_NEW\debug\obj\fsl_dspi_edma.o
#        Z:\AETHER_NEW\debug\obj\fsl_dspi_freertos.o
#        Z:\AETHER_NEW\debug\obj\fsl_edma.o Z:\AETHER_NEW\debug\obj\fsl_enc.o
#        Z:\AETHER_NEW\debug\obj\fsl_enet.o Z:\AETHER_NEW\debug\obj\fsl_ewm.o
#        Z:\AETHER_NEW\debug\obj\fsl_flash.o
#        Z:\AETHER_NEW\debug\obj\fsl_flexbus.o
#        Z:\AETHER_NEW\debug\obj\fsl_flexcan.o
#        Z:\AETHER_NEW\debug\obj\fsl_flexcan_edma.o
#        Z:\AETHER_NEW\debug\obj\fsl_ftm.o Z:\AETHER_NEW\debug\obj\fsl_gpio.o
#        Z:\AETHER_NEW\debug\obj\fsl_hsadc.o Z:\AETHER_NEW\debug\obj\fsl_i2c.o
#        Z:\AETHER_NEW\debug\obj\fsl_i2c_cmsis.o
#        Z:\AETHER_NEW\debug\obj\fsl_i2c_edma.o
#        Z:\AETHER_NEW\debug\obj\fsl_i2c_freertos.o
#        Z:\AETHER_NEW\debug\obj\fsl_io.o Z:\AETHER_NEW\debug\obj\fsl_llwu.o
#        Z:\AETHER_NEW\debug\obj\fsl_log.o Z:\AETHER_NEW\debug\obj\fsl_lptmr.o
#        Z:\AETHER_NEW\debug\obj\fsl_notifier.o
#        Z:\AETHER_NEW\debug\obj\fsl_pdb.o Z:\AETHER_NEW\debug\obj\fsl_pit.o
#        Z:\AETHER_NEW\debug\obj\fsl_pmc.o Z:\AETHER_NEW\debug\obj\fsl_pwm.o
#        Z:\AETHER_NEW\debug\obj\fsl_rcm.o Z:\AETHER_NEW\debug\obj\fsl_shell.o
#        Z:\AETHER_NEW\debug\obj\fsl_sim.o Z:\AETHER_NEW\debug\obj\fsl_smc.o
#        Z:\AETHER_NEW\debug\obj\fsl_str.o
#        Z:\AETHER_NEW\debug\obj\fsl_tickless_systick.o
#        Z:\AETHER_NEW\debug\obj\fsl_trng.o Z:\AETHER_NEW\debug\obj\fsl_uart.o
#        Z:\AETHER_NEW\debug\obj\fsl_uart_cmsis.o
#        Z:\AETHER_NEW\debug\obj\fsl_uart_edma.o
#        Z:\AETHER_NEW\debug\obj\fsl_uart_freertos.o
#        Z:\AETHER_NEW\debug\obj\fsl_wdog.o
#        Z:\AETHER_NEW\debug\obj\GlobalVars.o
#        Z:\AETHER_NEW\debug\obj\Gyroscope.o Z:\AETHER_NEW\debug\obj\heap_4.o
#        Z:\AETHER_NEW\debug\obj\ImageAnalysis.o
#        Z:\AETHER_NEW\debug\obj\InBluetooth.o
#        Z:\AETHER_NEW\debug\obj\Inductance.o Z:\AETHER_NEW\debug\obj\Init.o
#        Z:\AETHER_NEW\debug\obj\list.o
#        Z:\AETHER_NEW\debug\obj\MagneticAnalysis.o
#        Z:\AETHER_NEW\debug\obj\main.o Z:\AETHER_NEW\debug\obj\Motor.o
#        Z:\AETHER_NEW\debug\obj\OutBluetooth.o
#        Z:\AETHER_NEW\debug\obj\peripherals.o
#        Z:\AETHER_NEW\debug\obj\pin_mux.o Z:\AETHER_NEW\debug\obj\port.o
#        Z:\AETHER_NEW\debug\obj\portasm.o Z:\AETHER_NEW\debug\obj\queue.o
#        Z:\AETHER_NEW\debug\obj\RGB.o Z:\AETHER_NEW\debug\obj\Screen.o
#        Z:\AETHER_NEW\debug\obj\Speed.o
#        Z:\AETHER_NEW\debug\obj\startup_MKV58F24.o
#        Z:\AETHER_NEW\debug\obj\Steer.o
#        Z:\AETHER_NEW\debug\obj\system_MKV58F24.o
#        Z:\AETHER_NEW\debug\obj\tasks.o Z:\AETHER_NEW\debug\obj\timers.o
#        --redirect _Printf=_PrintfSmall --redirect _Scanf=_ScanfSmall -o
#        Z:\AETHER_NEW\debug\cproject_templates.out --map
#        Z:\AETHER_NEW\debug\list\cproject_templates.map --config
#        Z:\AETHER_NEW/MKV58F1M0xxx24_flash.icf --semihosting --entry
#        __iar_program_start --vfe
#
###############################################################################

*******************************************************************************
*** RUNTIME MODEL ATTRIBUTES
***

CppFlavor       = *
__SystemLibrary = DLib


*******************************************************************************
*** PLACEMENT SUMMARY
***

"A0":  place at 0x10000000 { ro section .intvec };
"P1":  place in [from 0x10000400 to 0x1000040f] { section FlashConfig };
"P2":  place in [from 0x10000000 to 0x100003ff] |
                [from 0x10000410 to 0x100fffff] { ro };
"P3":  place in [from 0x00000004 to 0x0000ffff] |
                [from 0x20000000 to 0x2001fbff] { block RW };
"P4":  place in [from 0x00000004 to 0x0000ffff] |
                [from 0x20000000 to 0x2001fbff] { block ZI };
"P7":  place in [from 0x00000004 to 0x0000ffff] |
                [from 0x20000000 to 0x2001fbff] { block NCACHE_VAR };
"P6":  place in [from 0x2001fc00 to 0x2001ffff] { block CSTACK };
initialize by copy { rw, section .textrw };

  Section            Kind        Address    Size  Object
  -------            ----        -------    ----  ------
"P3-P4|P7", part 1 of 2:                   0xc35
  RW                          0x00000004   0xc35  <Block>
    RW-1                      0x00000004   0xc35  <Init block>
      .data          inited   0x00000004     0x4  fsl_clock.o [1]
      .data          inited   0x00000008     0x4  fsl_clock.o [1]
      .data          inited   0x0000000c     0x8  Inductance.o [1]
      .data          inited   0x00000014     0x8  Inductance.o [1]
      .data          inited   0x0000001c     0x4  main.o [1]
      .data          inited   0x00000020     0x4  system_MKV58F24.o [1]
      .textrw        inited   0x00000024   0x118  AetherDriver_GPIO.o [1]
      .textrw        inited   0x0000013c    0x54  AetherDriver_LPTMR.o [1]
      .textrw        inited   0x00000190    0xe0  Camera.o [1]
      .textrw        inited   0x00000270   0x9c4  ImageAnalysis.o [1]
      .data          inited   0x00000c34     0x2  GlobalVars.o [1]
      .data          inited   0x00000c36     0x2  Speed.o [1]
      .data          inited   0x00000c38     0x1  GlobalVars.o [1]
                            - 0x00000c39   0xc35

"P3-P4|P7", part 2 of 2:                  0xcbb8
  ZI                          0x00000c3c  0xcbb8  <Block>
    .bss             zero     0x00000c3c    0x34  AetherDriver_FLASH.o [1]
    .bss             zero     0x00000c70     0x4  AetherDriver_FLASH.o [1]
    .bss             zero     0x00000c74     0x4  AetherDriver_FLASH.o [1]
    .bss             zero     0x00000c78     0x4  AetherDriver_FLASH.o [1]
    .bss             zero     0x00000c7c    0x14  AetherDriver_PIT.o [1]
    .bss             zero     0x00000c90    0x14  AetherDriver_UART.o [1]
    .bss             zero     0x00000ca4     0x4  fsl_clock.o [1]
    .bss             zero     0x00000ca8     0xc  fsl_dspi.o [1]
    .bss             zero     0x00000cb4     0x4  fsl_dspi.o [1]
    .bss             zero     0x00000cb8     0x4  fsl_dspi.o [1]
    .bss             zero     0x00000cbc    0x80  fsl_edma.o [1]
    .bss             zero     0x00000d3c     0x4  fsl_enet.o [1]
    .bss             zero     0x00000d40     0x4  fsl_enet.o [1]
    .bss             zero     0x00000d44     0x4  fsl_enet.o [1]
    .bss             zero     0x00000d48     0x4  fsl_enet.o [1]
    .bss             zero     0x00000d4c     0x4  fsl_enet.o [1]
    .bss             zero     0x00000d50     0x4  fsl_flash.o [1]
    .bss             zero     0x00000d54     0x4  fsl_flash.o [1]
    .bss             zero     0x00000d58    0x40  fsl_flash.o [1]
    .bss             zero     0x00000d98    0x40  fsl_flash.o [1]
    .bss             zero     0x00000dd8     0xc  fsl_flash.o [1]
    .bss             zero     0x00000de4     0xc  fsl_flexcan.o [1]
    .bss             zero     0x00000df0     0x4  fsl_flexcan.o [1]
    .bss             zero     0x00000df4     0x8  fsl_i2c.o [1]
    .bss             zero     0x00000dfc     0x4  fsl_i2c.o [1]
    .bss             zero     0x00000e00     0x4  fsl_i2c.o [1]
    .bss             zero     0x00000e04     0x8  fsl_io.o [1]
    .bss             zero     0x00000e0c    0x18  fsl_uart.o [1]
    .bss             zero     0x00000e24     0x4  fsl_uart.o [1]
    .bss             zero     0x00000e28    0x5c  GlobalVars.o [1]
    .bss             zero     0x00000e84    0x14  GlobalVars.o [1]
    .bss             zero     0x00000e98     0x4  GlobalVars.o [1]
    .bss             zero     0x00000e9c     0x4  GlobalVars.o [1]
    .bss             zero     0x00000ea0  0x1608  ImageAnalysis.o [1]
    .bss             zero     0x000024a8    0x7c  ImageAnalysis.o [1]
    .bss             zero     0x00002524    0x7c  ImageAnalysis.o [1]
    .bss             zero     0x000025a0    0x7c  ImageAnalysis.o [1]
    .bss             zero     0x0000261c  0x5820  main.o [1]
    .bss             zero     0x00007e3c  0x5820  main.o [1]
    .bss             zero     0x0000d65c   0x100  Screen.o [1]
    .bss             zero     0x0000d75c     0x4  tasks.o [1]
    .bss             zero     0x0000d760    0x64  tasks.o [1]
    .bss             zero     0x0000d7c4     0x4  tasks.o [1]
    .bss             zero     0x0000d7c8     0x4  tasks.o [1]
    .bss             zero     0x0000d7cc     0x4  tasks.o [1]
    .bss             zero     0x0000d7d0     0x4  tasks.o [1]
    .bss             zero     0x0000d7d4     0x4  tasks.o [1]
    .bss             zero     0x0000d7d8     0x4  tasks.o [1]
    .bss             zero     0x0000d7dc     0x4  tasks.o [1]
    .bss             zero     0x0000d7e0     0x4  tasks.o [1]
    .bss             zero     0x0000d7e4     0x4  tasks.o [1]
    .bss             zero     0x0000d7e8     0x2  Camera.o [1]
    .bss             zero     0x0000d7ea     0x2  GlobalVars.o [1]
    .bss             zero     0x0000d7ec     0x1  AetherDriver_PIT.o [1]
    .bss             zero     0x0000d7ed     0x1  GlobalVars.o [1]
    .bss             zero     0x0000d7ee     0x1  GlobalVars.o [1]
    .bss             zero     0x0000d7ef     0x1  GlobalVars.o [1]
    .bss             zero     0x0000d7f0     0x1  main.o [1]
                            - 0x0000d7f4  0xcbb8

"A0":                                      0x400
  .intvec            ro code  0x10000000   0x400  startup_MKV58F24.o [1]
                            - 0x10000400   0x400

"P1":                                       0x10
  FlashConfig        ro code  0x10000400    0x10  startup_MKV58F24.o [1]
                            - 0x10000410    0x10

"P2":                                     0x83a5
  Veneer             ro code  0x10000410     0x8  - Linker created -
  Veneer             ro code  0x10000418     0x8  - Linker created -
  Veneer             ro code  0x10000420     0x8  - Linker created -
  .text              ro code  0x10000428   0xd70  Screen.o [1]
  .text              ro code  0x10001198    0x50  AetherDriver_SPI.o [1]
  .text              ro code  0x100011e8    0x36  strlen.o [5]
  .text              ro code  0x1000121e     0xa  xsprout.o [3]
  .text              ro code  0x10001228    0x34  sprintf.o [3]
  .text              ro code  0x1000125c    0x4e  FltToDbl.o [4]
  .text              ro code  0x100012aa     0x2  startup_MKV58F24.o [1]
  .text              ro code  0x100012ac   0x1a2  DblMul.o [4]
  .text              ro code  0x1000144e     0x2  startup_MKV58F24.o [1]
  .text              ro code  0x10001450    0x4c  DblToI32.o [4]
  .text              ro code  0x1000149c     0x6  ABImemclr4.o [5]
  .text              ro code  0x100014a2     0x2  startup_MKV58F24.o [1]
  .text              ro code  0x100014a4   0x194  AetherDriver_FLASH.o [1]
  .text              ro code  0x10001638    0x66  ABImemset.o [5]
  .text              ro code  0x1000169e     0x2  startup_MKV58F24.o [1]
  .text              ro code  0x100016a0   0x17c  AetherDriver_ADC.o [1]
  .text              ro code  0x1000181c    0xe8  DblAdd.o [4]
  .text              ro code  0x10001904    0x90  DblToFlt.o [4]
  Veneer             ro code  0x10001994     0x8  - Linker created -
  .text              ro code  0x1000199c   0x2d4  Steer.o [1]
  .text              ro code  0x10001c70   0x4d8  xprintfsmall.o [3]
  .text              ro code  0x10002148    0x32  ABImemset48.o [5]
  .text              ro code  0x1000217a     0x2  startup_MKV58F24.o [1]
  .text              ro code  0x1000217c   0x61c  fsl_flash.o [1]
  .text              ro code  0x10002798   0x788  fsl_hsadc.o [1]
  .text              ro code  0x10002f20   0x16c  DblSub.o [4]
  .text              ro code  0x1000308c   0x75c  fsl_ftm.o [1]
  .text              ro code  0x100037e8   0x478  fsl_clock.o [1]
  .text              ro code  0x10003c60    0x16  strchr.o [5]
  .text              ro code  0x10003c76     0x2  startup_MKV58F24.o [1]
  .text              ro code  0x10003c78    0x58  memchr.o [5]
  .text              ro code  0x10003cd0    0x76  ABImemcpy_unaligned.o [5]
  .rodata            const    0x10003d46     0x1  ImageAnalysis.o [1]
  .rodata            const    0x10003d47     0x1  ImageAnalysis.o [1]
  .text              ro code  0x10003d48    0x1c  fsl_assert.o [1]
  .text              ro code  0x10003d64    0x7c  fsl_debug_console.o [1]
  .text              ro code  0x10003de0   0x328  fsl_str.o [1]
  .text              ro code  0x10004108    0x5c  fsl_log.o [1]
  .text              ro code  0x10004164    0x48  fsl_io.o [1]
  .text              ro code  0x100041ac   0x140  fsl_uart.o [1]
  .text              ro code  0x100042ec   0x764  fsl_edma.o [1]
  .text              ro code  0x10004a50   0x624  Camera.o [1]
  Veneer             ro code  0x10005074     0x8  - Linker created -
  .text              ro code  0x1000507c   0x398  AetherDriver_SCCB.o [1]
  .text              ro code  0x10005414    0x6c  fsl_dmamux.o [1]
  .rodata            const    0x10005480   0x600  Screen.o [1]
  .text              ro code  0x10005a80   0x290  Init.o [1]
  .text              ro code  0x10005d10    0x88  clock_config.o [1]
  .text              ro code  0x10005d98   0x16c  AetherDriver_KeyBoard.o [1]
  .text              ro code  0x10005f04    0x40  Beep.o [1]
  .text              ro code  0x10005f44    0x6c  RGB.o [1]
  .text              ro code  0x10005fb0   0x24c  Motor.o [1]
  .text              ro code  0x100061fc    0xcc  Speed.o [1]
  .text              ro code  0x100062c8   0x258  AetherDriver_PIT.o [1]
  .text              ro code  0x10006520    0xf4  Inductance.o [1]
  .text              ro code  0x10006614   0x274  system_MKV58F24.o [1]
  .text              ro code  0x10006888    0xa4  fsl_pit.o [1]
  .text              ro code  0x1000692c    0xee  I64DivMod.o [5]
  .text              ro code  0x10006a1c     0x2  I64DivZer.o [5]
  Veneer             ro code  0x10006a20     0x8  - Linker created -
  Veneer             ro code  0x10006a28     0x8  - Linker created -
  Veneer             ro code  0x10006a30     0x8  - Linker created -
  Veneer             ro code  0x10006a38     0x8  - Linker created -
  .text              ro code  0x10006a40   0x270  Controler.o [1]
  .text              ro code  0x10006cb0   0x1e0  tasks.o [1]
  .text              ro code  0x10006e90    0x40  list.o [1]
  .text              ro code  0x10006ed0   0x1d6  lz77_init.o [5]
  .text              ro code  0x100070a6     0x6  abort.o [3]
  .text              ro code  0x100070ac    0x14  exit.o [6]
  .text              ro code  0x100070c0    0xcc  fsl_dspi.o [1]
  CODE               ro code  0x1000718c    0xa8  portasm.o [1]
  .text              ro code  0x10007234    0x9c  fsl_flexcan.o [1]
  .rodata            const    0x100072d0    0x74  fsl_hsadc.o [1]
  .text              ro code  0x10007344    0x64  fsl_i2c.o [1]
  .rodata            const    0x100073a8    0x5c  fsl_hsadc.o [1]
  .rodata            const    0x10007404    0x5c  fsl_hsadc.o [1]
  .text              ro code  0x10007460    0x58  fsl_enet.o [1]
  .rodata            const    0x100074b8    0x54  fsl_hsadc.o [1]
  .text              ro code  0x1000750c    0x4c  main.o [1]
  .text              ro code  0x10007558    0x40  zero_init3.o [5]
  .text              ro code  0x10007598    0x30  port.o [1]
  .rodata            const    0x100075c8    0x2c  Camera.o [1]
  .rodata            const    0x100075f4    0x2c  fsl_assert.o [1]
  .rodata            const    0x10007620    0x2c  fsl_edma.o [1]
  .rodata            const    0x1000764c    0x28  fsl_dmamux.o [1]
  .text              ro code  0x10007674    0x28  startup_MKV58F24.o [1]
  .text              ro code  0x1000769c    0x28  data_init.o [5]
  .rodata            const    0x100076c4    0x24  AetherDriver_KeyBoard.o [1]
  .rodata            const    0x100076e8    0x24  Camera.o [1]
  .rodata            const    0x1000770c    0x24  Camera.o [1]
  .rodata            const    0x10007730    0x24  Camera.o [1]
  .rodata            const    0x10007754    0x24  fsl_clock.o [1]
  .rodata            const    0x10007778    0x24  fsl_dmamux.o [1]
  .rodata            const    0x1000779c    0x24  fsl_dspi.o [1]
  .rodata            const    0x100077c0    0x24  fsl_edma.o [1]
  .rodata            const    0x100077e4    0x24  fsl_edma.o [1]
  .rodata            const    0x10007808    0x24  fsl_edma.o [1]
  .rodata            const    0x1000782c    0x24  fsl_flexcan.o [1]
  .rodata            const    0x10007850    0x24  fsl_hsadc.o [1]
  .rodata            const    0x10007874    0x24  fsl_hsadc.o [1]
  .rodata            const    0x10007898    0x24  fsl_log.o [1]
  .rodata            const    0x100078bc    0x24  fsl_pit.o [1]
  .rodata            const    0x100078e0    0x24  fsl_uart.o [1]
  .text              ro code  0x10007904    0x24  AetherDriver_RingBuff.o [1]
  .text              ro code  0x10007928    0x24  AetherDriver_UART.o [1]
  .text              ro code  0x1000794c    0x22  fpinit_M.o [4]
  .iar.init_table    const    0x10007970    0x2c  - Linker created -
  .rodata            const    0x1000799c    0x20  fsl_edma.o [1]
  .rodata            const    0x100079bc    0x20  fsl_flash.o [1]
  .rodata            const    0x100079dc    0x20  fsl_ftm.o [1]
  .rodata            const    0x100079fc    0x20  fsl_hsadc.o [1]
  .rodata            const    0x10007a1c    0x20  fsl_pit.o [1]
  .rodata            const    0x10007a3c    0x1c  fsl_flash.o [1]
  .rodata            const    0x10007a58    0x1c  fsl_ftm.o [1]
  .text              ro code  0x10007a74    0x1a  cmain.o [5]
  .text              ro code  0x10007a8e     0x4  low_level_init.o [3]
  .text              ro code  0x10007a92     0x4  exit.o [3]
  .text              ro code  0x10007a98     0xa  cexit.o [5]
  .rodata            const    0x10007aa4    0x14  fsl_flexcan.o [1]
  .rodata            const    0x10007ab8    0x14  fsl_flexcan.o [1]
  .rodata            const    0x10007acc    0x14  fsl_flexcan.o [1]
  .rodata            const    0x10007ae0    0x14  fsl_hsadc.o [1]
  .rodata            const    0x10007af4    0x10  fsl_clock.o [1]
  .rodata            const    0x10007b04    0x10  fsl_dspi.o [1]
  .rodata            const    0x10007b14    0x10  fsl_dspi.o [1]
  .rodata            const    0x10007b24    0x10  fsl_dspi.o [1]
  .rodata            const    0x10007b34    0x10  fsl_edma.o [1]
  .rodata            const    0x10007b44    0x10  fsl_edma.o [1]
  .rodata            const    0x10007b54    0x10  fsl_ftm.o [1]
  .rodata            const    0x10007b64    0x10  fsl_ftm.o [1]
  .rodata            const    0x10007b74    0x10  fsl_ftm.o [1]
  .rodata            const    0x10007b84    0x10  fsl_ftm.o [1]
  .rodata            const    0x10007b94    0x10  fsl_hsadc.o [1]
  .rodata            const    0x10007ba4    0x10  fsl_hsadc.o [1]
  .rodata            const    0x10007bb4     0xc  clock_config.o [1]
  .rodata            const    0x10007bc0     0xc  fsl_clock.o [1]
  .rodata            const    0x10007bcc     0xc  fsl_clock.o [1]
  .rodata            const    0x10007bd8     0xc  fsl_edma.o [1]
  .rodata            const    0x10007be4     0xc  fsl_flash.o [1]
  .rodata            const    0x10007bf0     0xc  fsl_ftm.o [1]
  .rodata            const    0x10007bfc     0xc  fsl_ftm.o [1]
  .rodata            const    0x10007c08     0xc  fsl_ftm.o [1]
  .rodata            const    0x10007c14     0xc  fsl_ftm.o [1]
  .rodata            const    0x10007c20     0xc  fsl_log.o [1]
  .rodata            const    0x10007c2c     0xc  Inductance.o [1]
  .rodata            const    0x10007c38     0xc  Screen.o [1]
  .rodata            const    0x10007c44     0xc  Screen.o [1]
  .text              ro code  0x10007c50     0xc  cstartup_M.o [5]
  .rodata            const    0x10007c5c     0x8  AetherDriver_KeyBoard.o [1]
  .rodata            const    0x10007c64     0x8  Camera.o [1]
  .rodata            const    0x10007c6c     0x8  clock_config.o [1]
  .rodata            const    0x10007c74     0x8  clock_config.o [1]
  .rodata            const    0x10007c7c     0x8  fsl_clock.o [1]
  .rodata            const    0x10007c84     0x8  fsl_ftm.o [1]
  .rodata            const    0x10007c8c     0x8  fsl_hsadc.o [1]
  .rodata            const    0x10007c94     0x8  fsl_hsadc.o [1]
  .rodata            const    0x10007c9c     0x8  fsl_pit.o [1]
  .rodata            const    0x10007ca4     0x8  fsl_uart.o [1]
  .rodata            const    0x10007cac     0x8  Init.o [1]
  .rodata            const    0x10007cb4     0x8  Init.o [1]
  .rodata            const    0x10007cbc     0x8  Init.o [1]
  .rodata            const    0x10007cc4     0x8  Init.o [1]
  .rodata            const    0x10007ccc     0x8  Init.o [1]
  .rodata            const    0x10007cd4     0x8  Init.o [1]
  .rodata            const    0x10007cdc     0x8  Init.o [1]
  .rodata            const    0x10007ce4     0x8  Init.o [1]
  .rodata            const    0x10007cec     0x8  Screen.o [1]
  .rodata            const    0x10007cf4     0x8  Screen.o [1]
  .rodata            const    0x10007cfc     0x8  Screen.o [1]
  .rodata            const    0x10007d04     0x8  Screen.o [1]
  .rodata            const    0x10007d0c     0x8  Screen.o [1]
  .rodata            const    0x10007d14     0x8  Screen.o [1]
  .rodata            const    0x10007d1c     0x8  Screen.o [1]
  .rodata            const    0x10007d24     0x8  Screen.o [1]
  .rodata            const    0x10007d2c     0x8  Screen.o [1]
  .rodata            const    0x10007d34     0x8  Screen.o [1]
  .rodata            const    0x10007d3c     0x8  Screen.o [1]
  .rodata            const    0x10007d44     0x8  Screen.o [1]
  .rodata            const    0x10007d4c     0x8  Screen.o [1]
  .rodata            const    0x10007d54     0x8  Screen.o [1]
  .rodata            const    0x10007d5c     0x8  Screen.o [1]
  .rodata            const    0x10007d64     0x8  Screen.o [1]
  .rodata            const    0x10007d6c     0x8  Screen.o [1]
  .text              ro code  0x10007d74     0x8  startup_MKV58F24.o [1]
  .text              ro code  0x10007d7c     0x8  startup_MKV58F24.o [1]
  .text              ro code  0x10007d84     0x8  startup_MKV58F24.o [1]
  .text              ro code  0x10007d8c     0x8  startup_MKV58F24.o [1]
  .text              ro code  0x10007d94     0x8  startup_MKV58F24.o [1]
  .text              ro code  0x10007d9c     0x8  startup_MKV58F24.o [1]
  .text              ro code  0x10007da4     0x8  startup_MKV58F24.o [1]
  .text              ro code  0x10007dac     0x8  startup_MKV58F24.o [1]
  .text              ro code  0x10007db4     0x8  startup_MKV58F24.o [1]
  .text              ro code  0x10007dbc     0x8  startup_MKV58F24.o [1]
  .text              ro code  0x10007dc4     0x8  startup_MKV58F24.o [1]
  .text              ro code  0x10007dcc     0x8  startup_MKV58F24.o [1]
  .text              ro code  0x10007dd4     0x8  startup_MKV58F24.o [1]
  .text              ro code  0x10007ddc     0x8  startup_MKV58F24.o [1]
  .text              ro code  0x10007de4     0x8  startup_MKV58F24.o [1]
  .text              ro code  0x10007dec     0x8  startup_MKV58F24.o [1]
  .text              ro code  0x10007df4     0x8  startup_MKV58F24.o [1]
  .text              ro code  0x10007dfc     0x8  startup_MKV58F24.o [1]
  .text              ro code  0x10007e04     0x8  startup_MKV58F24.o [1]
  .text              ro code  0x10007e0c     0x8  startup_MKV58F24.o [1]
  .text              ro code  0x10007e14     0x8  startup_MKV58F24.o [1]
  .text              ro code  0x10007e1c     0x8  startup_MKV58F24.o [1]
  .text              ro code  0x10007e24     0x8  startup_MKV58F24.o [1]
  .text              ro code  0x10007e2c     0x8  startup_MKV58F24.o [1]
  .text              ro code  0x10007e34     0x8  startup_MKV58F24.o [1]
  .text              ro code  0x10007e3c     0x8  startup_MKV58F24.o [1]
  .text              ro code  0x10007e44     0x8  startup_MKV58F24.o [1]
  .text              ro code  0x10007e4c     0x8  startup_MKV58F24.o [1]
  .text              ro code  0x10007e54     0x8  startup_MKV58F24.o [1]
  .text              ro code  0x10007e5c     0x8  startup_MKV58F24.o [1]
  .text              ro code  0x10007e64     0x8  startup_MKV58F24.o [1]
  .text              ro code  0x10007e6c     0x8  startup_MKV58F24.o [1]
  .text              ro code  0x10007e74     0x8  startup_MKV58F24.o [1]
  .text              ro code  0x10007e7c     0x8  startup_MKV58F24.o [1]
  .text              ro code  0x10007e84     0x8  startup_MKV58F24.o [1]
  .text              ro code  0x10007e8c     0x8  startup_MKV58F24.o [1]
  .text              ro code  0x10007e94     0x8  startup_MKV58F24.o [1]
  .text              ro code  0x10007e9c     0x8  startup_MKV58F24.o [1]
  .text              ro code  0x10007ea4     0x8  startup_MKV58F24.o [1]
  .text              ro code  0x10007eac     0x8  startup_MKV58F24.o [1]
  .text              ro code  0x10007eb4     0x8  startup_MKV58F24.o [1]
  .text              ro code  0x10007ebc     0x8  startup_MKV58F24.o [1]
  .text              ro code  0x10007ec4     0x8  startup_MKV58F24.o [1]
  .text              ro code  0x10007ecc     0x8  startup_MKV58F24.o [1]
  .text              ro code  0x10007ed4     0x8  startup_MKV58F24.o [1]
  .text              ro code  0x10007edc     0x8  startup_MKV58F24.o [1]
  .text              ro code  0x10007ee4     0x8  startup_MKV58F24.o [1]
  .text              ro code  0x10007eec     0x8  startup_MKV58F24.o [1]
  .text              ro code  0x10007ef4     0x8  startup_MKV58F24.o [1]
  .text              ro code  0x10007efc     0x8  startup_MKV58F24.o [1]
  .rodata            const    0x10007f04     0x4  AetherDriver_KeyBoard.o [1]
  .rodata            const    0x10007f08     0x4  AetherDriver_KeyBoard.o [1]
  .rodata            const    0x10007f0c     0x4  Camera.o [1]
  .rodata            const    0x10007f10     0x4  fsl_dmamux.o [1]
  .rodata            const    0x10007f14     0x4  fsl_dmamux.o [1]
  .rodata            const    0x10007f18     0x4  fsl_edma.o [1]
  .rodata            const    0x10007f1c     0x4  fsl_edma.o [1]
  .rodata            const    0x10007f20     0x4  fsl_flash.o [1]
  .rodata            const    0x10007f24     0x4  fsl_pit.o [1]
  .rodata            const    0x10007f28     0x4  fsl_pit.o [1]
  .text              ro code  0x10007f2c     0x4  startup_MKV58F24.o [1]
  .rodata            const    0x10007f30     0x0  zero_init3.o [5]
  .rodata            const    0x10007f30     0x0  lz77_init.o [5]
  Initializer bytes  const    0x10007f30   0x885  <for RW-1>
                            - 0x100087b5  0x83a5

"P6":                                      0x400
  CSTACK                      0x2001fc00   0x400  <Block>
    CSTACK           uninit   0x2001fc00   0x400  <Block tail>
                            - 0x20020000   0x400


*******************************************************************************
*** INIT TABLE
***

          Address     Size
          -------     ----
Zero (__iar_zero_init3)
    1 destination range, total size 0xcbb5:
          0x00000c3c  0xcbb5

Copy/lz77 (__iar_lz77_init3)
    1 source range, total size 0x885 (69% of destination):
          0x10007f30   0x885
    1 destination range, total size 0xc35:
          0x00000004   0xc35



*******************************************************************************
*** MODULE SUMMARY
***

    Module                   ro code  rw code  ro data  rw data
    ------                   -------  -------  -------  -------
Z:\AETHER_NEW\debug\obj: [1]
    AetherDriver_ADC.o           380
    AetherDriver_FLASH.o         404                         64
    AetherDriver_GPIO.o                   280      195
    AetherDriver_KeyBoard.o      364                52
    AetherDriver_LPTMR.o                   84       59
    AetherDriver_PIT.o           600                         21
    AetherDriver_RingBuff.o       36
    AetherDriver_SCCB.o          920
    AetherDriver_SPI.o            80
    AetherDriver_UART.o           36                         20
    Beep.o                        64
    Camera.o                   1 572      224      320        2
    Controler.o                  624
    GlobalVars.o                                     2      128
    ImageAnalysis.o                     2 500    1 747    6 012
    Inductance.o                 244                23       16
    Init.o                       656                64
    Motor.o                      588
    RGB.o                        108
    Screen.o                   3 440             1 696      256
    Speed.o                      204                 2        2
    Steer.o                      724
    clock_config.o               136                28
    fsl_assert.o                  28                44
    fsl_clock.o                1 144                89       12
    fsl_debug_console.o          124
    fsl_dmamux.o                 108                84
    fsl_dspi.o                   204                84       20
    fsl_edma.o                 1 892               236      128
    fsl_enet.o                    88                         20
    fsl_flash.o                1 564                76      148
    fsl_flexcan.o                156                96       16
    fsl_ftm.o                  1 884               180
    fsl_hsadc.o                1 928               556
    fsl_i2c.o                    100                         16
    fsl_io.o                      72                          8
    fsl_log.o                     92                48
    fsl_pit.o                    164                84
    fsl_str.o                    808
    fsl_uart.o                   320                44       28
    list.o                        64
    main.o                        76                 3   45 125
    port.o                        48
    portasm.o                    168
    startup_MKV58F24.o         1 496
    system_MKV58F24.o            628                 3        4
    tasks.o                      480                        140
    -----------------------------------------------------------
    Total:                    24 816    3 088    5 815   52 186

command line: [2]
    -----------------------------------------------------------
    Total:

dl7M_tln.a: [3]
    abort.o                        6
    exit.o                         4
    low_level_init.o               4
    sprintf.o                     52
    xprintfsmall.o             1 240
    xsprout.o                     10
    -----------------------------------------------------------
    Total:                     1 316

m7M_tls.a: [4]
    DblAdd.o                     232
    DblMul.o                     418
    DblSub.o                     364
    DblToFlt.o                   144
    DblToI32.o                    76
    FltToDbl.o                    78
    fpinit_M.o                    34
    -----------------------------------------------------------
    Total:                     1 346

rt7M_tl.a: [5]
    ABImemclr4.o                   6
    ABImemcpy_unaligned.o        118
    ABImemset.o                  102
    ABImemset48.o                 50
    I64DivMod.o                  238
    I64DivZer.o                    2
    cexit.o                       10
    cmain.o                       26
    cstartup_M.o                  12
    data_init.o                   40
    lz77_init.o                  470
    memchr.o                      88
    strchr.o                      22
    strlen.o                      54
    zero_init3.o                  64
    -----------------------------------------------------------
    Total:                     1 302

shb_l.a: [6]
    exit.o                        20
    -----------------------------------------------------------
    Total:                        20

    Gaps                           6                 4
    Linker created                72                44    1 024
---------------------------------------------------------------
    Grand Total:              28 878    3 088    5 863   53 210


*******************************************************************************
*** ENTRY LIST
***

Entry                      Address    Size  Type      Object
-----                      -------    ----  ----      ------
.iar.init_table$$Base   0x10007970           --   Gb  - Linker created -
.iar.init_table$$Limit  0x1000799c           --   Gb  - Linker created -
?main                   0x10007a75          Code  Gb  cmain.o [5]
ADC_Init                0x100016c1    0xca  Code  Gb  AetherDriver_ADC.o [1]
AD_Get_side             0x10006521    0xf4  Code  Gb  Inductance.o [1]
ASCII_8x16              0x10005480   0x600  Data  Gb  Screen.o [1]
BOARD_BootClockRUN      0x10005d3d    0x38  Code  Gb  clock_config.o [1]
BOARD_InitBootClocks    0x10005d35     0x8  Code  Gb  clock_config.o [1]
Beep_Init               0x10005f21    0x1a  Code  Gb  Beep.o [1]
BuffPush                0x10007905    0x24  Code  Gb  AetherDriver_RingBuff.o [1]
Button_Init             0x10005eaf    0x36  Code  Gb  AetherDriver_KeyBoard.o [1]
CAN0_DriverIRQHandler   0x10007235    0x28  Code  Gb  fsl_flexcan.o [1]
CAN1_DriverIRQHandler   0x1000725d    0x28  Code  Gb  fsl_flexcan.o [1]
CAN2_DriverIRQHandler   0x10007285    0x28  Code  Gb  fsl_flexcan.o [1]
CLOCK_BootToPeeMode     0x10003bf5    0x4c  Code  Gb  fsl_clock.o [1]
CLOCK_CONFIG_SetFllExtRefDiv
                        0x10005d1f    0x16  Code  Lc  clock_config.o [1]
CLOCK_CONFIG_SetSimSafeDivs
                        0x10005d17     0x8  Code  Lc  clock_config.o [1]
CLOCK_EnableClock       0x10005415    0x16  Code  Lc  fsl_dmamux.o [1]
CLOCK_EnableClock       0x100042ed    0x16  Code  Lc  fsl_edma.o [1]
CLOCK_EnableClock       0x1000308d    0x16  Code  Lc  fsl_ftm.o [1]
CLOCK_EnableClock       0x10002799    0x16  Code  Lc  fsl_hsadc.o [1]
CLOCK_EnableClock       0x10006889    0x16  Code  Lc  fsl_pit.o [1]
CLOCK_EnableClock       0x10005ac5    0x16  Code  Lc  Init.o [1]
CLOCK_EnableClock       0x100061fd    0x16  Code  Lc  Speed.o [1]
CLOCK_EnablePll0        0x10003a75    0x64  Code  Gb  fsl_clock.o [1]
CLOCK_GetBusClkFreq     0x1000392f    0x18  Code  Gb  fsl_clock.o [1]
CLOCK_GetFixedFreqClkFreq
                        0x100039fb    0x1e  Code  Gb  fsl_clock.o [1]
CLOCK_GetFllExtRefClkFreq
                        0x10003863    0x58  Code  Lc  fsl_clock.o [1]
CLOCK_GetFllFreq        0x100039a5    0x56  Code  Gb  fsl_clock.o [1]
CLOCK_GetFllFreq::fllFactorTable
                        0x10007af4    0x10  Data  Lc  fsl_clock.o [1]
CLOCK_GetFllRefClkFreq  0x100038e1    0x20  Code  Lc  fsl_clock.o [1]
CLOCK_GetInternalRefClkSelectFreq
                        0x100038bb    0x26  Code  Lc  fsl_clock.o [1]
CLOCK_GetMcgExtClkFreq  0x1000383d    0x26  Code  Lc  fsl_clock.o [1]
CLOCK_GetOscRangeFromFreq
                        0x10003909    0x26  Code  Lc  fsl_clock.o [1]
CLOCK_GetOutClkFreq     0x10003961    0x44  Code  Gb  fsl_clock.o [1]
CLOCK_GetPll0Freq       0x10003a19    0x56  Code  Gb  fsl_clock.o [1]
CLOCK_GetPll0RefFreq    0x10003901     0x8  Code  Lc  fsl_clock.o [1]
CLOCK_InitOsc0          0x10003ad9    0x58  Code  Gb  fsl_clock.o [1]
CLOCK_SetEr32kClock     0x100037e9    0x1a  Code  Lc  fsl_clock.o [1]
CLOCK_SetExternalRefClkConfig
                        0x10003a6f     0x6  Code  Gb  fsl_clock.o [1]
CLOCK_SetPbeMode        0x10003b5d    0x82  Code  Gb  fsl_clock.o [1]
CLOCK_SetPllFllSelClock
                        0x10003803    0x1a  Code  Lc  fsl_clock.o [1]
CLOCK_SetSimConfig      0x10003947    0x1a  Code  Gb  fsl_clock.o [1]
CLOCK_SetXtal0Freq      0x10005d11     0x6  Code  Lc  clock_config.o [1]
CPU_Delay               0x10005405    0x10  Code  Gb  AetherDriver_SCCB.o [1]
CSTACK$$Base            0x2001fc00           --   Gb  - Linker created -
CSTACK$$Limit           0x20020000           --   Gb  - Linker created -
ConvertRadixNumToString
                        0x10003de1    0xcc  Code  Lc  fsl_str.o [1]
DISPLAY_FLAG            0x0000d7ee     0x1  Data  Gb  GlobalVars.o [1]
DISTANCE_RECORD_FLAG    0x0000d7ef     0x1  Data  Gb  GlobalVars.o [1]
DMA0_DMA16_IRQHandler   0x0000019d     0x8  Code  Gb  Camera.o [1]
DMA10_DMA26_DriverIRQHandler
                        0x10004939    0x2c  Code  Gb  fsl_edma.o [1]
DMA11_DMA27_DriverIRQHandler
                        0x10004965    0x2c  Code  Gb  fsl_edma.o [1]
DMA12_DMA28_DriverIRQHandler
                        0x10004991    0x2c  Code  Gb  fsl_edma.o [1]
DMA13_DMA29_DriverIRQHandler
                        0x100049bd    0x2c  Code  Gb  fsl_edma.o [1]
DMA14_DMA30_DriverIRQHandler
                        0x100049e9    0x2c  Code  Gb  fsl_edma.o [1]
DMA15_DMA31_DriverIRQHandler
                        0x10004a15    0x2c  Code  Gb  fsl_edma.o [1]
DMA1_DMA17_DriverIRQHandler
                        0x1000476d    0x34  Code  Gb  fsl_edma.o [1]
DMA2_DMA18_DriverIRQHandler
                        0x100047a9    0x34  Code  Gb  fsl_edma.o [1]
DMA3_DMA19_DriverIRQHandler
                        0x100047dd    0x34  Code  Gb  fsl_edma.o [1]
DMA4_DMA20_DriverIRQHandler
                        0x10004811    0x34  Code  Gb  fsl_edma.o [1]
DMA5_DMA21_DriverIRQHandler
                        0x10004845    0x34  Code  Gb  fsl_edma.o [1]
DMA6_DMA22_DriverIRQHandler
                        0x10004879    0x32  Code  Gb  fsl_edma.o [1]
DMA7_DMA23_DriverIRQHandler
                        0x100048ad    0x30  Code  Gb  fsl_edma.o [1]
DMA8_DMA24_DriverIRQHandler
                        0x100048e1    0x2c  Code  Gb  fsl_edma.o [1]
DMA9_DMA25_DriverIRQHandler
                        0x1000490d    0x2c  Code  Gb  fsl_edma.o [1]
DMAMUX_EnableChannel    0x10004b0b    0x26  Code  Lc  Camera.o [1]
DMAMUX_GetInstance      0x1000542b    0x30  Code  Lc  fsl_dmamux.o [1]
DMAMUX_Init             0x1000545b    0x16  Code  Gb  fsl_dmamux.o [1]
DMAMUX_SetSource        0x10004b31    0x2e  Code  Lc  Camera.o [1]
DSPI_CommonIRQHandler   0x100070c9    0x28  Code  Lc  fsl_dspi.o [1]
DSPI_IsMaster           0x100070c1     0x8  Code  Lc  fsl_dspi.o [1]
DbgConsole_Printf       0x10003d65    0x3c  Code  Gb  fsl_debug_console.o [1]
DbgConsole_RelocateLog  0x10003da1    0x40  Code  Lc  fsl_debug_console.o [1]
DisableGlobalIRQ        0x10005adb     0x8  Code  Lc  Init.o [1]
DisableIRQ              0x10004aad    0x1c  Code  Lc  Camera.o [1]
Display_ASCII8X16       0x10000927    0xcc  Code  Gb  Screen.o [1]
Display_Number          0x100009f3    0x34  Code  Gb  Screen.o [1]
DistanceRecord          0x00000e9c     0x4  Data  Gb  GlobalVars.o [1]
EDMA_ClearChannelStatusFlags
                        0x10004625    0x30  Code  Gb  fsl_edma.o [1]
EDMA_EnableAutoStopRequest
                        0x10004ac9    0x42  Code  Lc  Camera.o [1]
EDMA_EnableChannelInterrupts
                        0x1000445d    0x66  Code  Gb  fsl_edma.o [1]
EDMA_GetChannelStatusFlags
                        0x100045dd    0x48  Code  Gb  fsl_edma.o [1]
EDMA_GetInstance        0x10004303    0x36  Code  Lc  fsl_edma.o [1]
EDMA_HandleIRQ          0x10004675    0xf8  Code  Gb  fsl_edma.o [1]
EDMA_Init               0x10004339    0x56  Code  Gb  fsl_edma.o [1]
EDMA_ResetChannel       0x1000438f    0x2c  Code  Gb  fsl_edma.o [1]
EDMA_SetBandWidth       0x1000441f    0x3e  Code  Gb  fsl_edma.o [1]
EDMA_SetTransferConfig  0x100043bb    0x64  Code  Gb  fsl_edma.o [1]
EDMA_TcdReset           0x100044c3    0x66  Code  Gb  fsl_edma.o [1]
EDMA_TcdSetTransferConfig
                        0x10004529    0xb4  Code  Gb  fsl_edma.o [1]
ENET_1588_Timer_IRQHandler
                        0x10007491    0x10  Code  Gb  fsl_enet.o [1]
ENET_Error_IRQHandler   0x10007481    0x10  Code  Gb  fsl_enet.o [1]
ENET_Receive_IRQHandler
                        0x10007471    0x10  Code  Gb  fsl_enet.o [1]
ENET_Transmit_IRQHandler
                        0x10007461    0x10  Code  Gb  fsl_enet.o [1]
EdgeLeft                0x00002524    0x7c  Data  Gb  ImageAnalysis.o [1]
EdgeRight               0x000025a0    0x7c  Data  Gb  ImageAnalysis.o [1]
EnableGlobalIRQ         0x10005ae3     0x6  Code  Lc  Init.o [1]
EnableIRQ               0x100062e3    0x1c  Code  Lc  AetherDriver_PIT.o [1]
EnableIRQ               0x10004a91    0x1c  Code  Lc  Camera.o [1]
FLASH_Erase             0x10002237    0xaa  Code  Gb  fsl_flash.o [1]
FLASH_GetProperty       0x10002553    0x80  Code  Gb  fsl_flash.o [1]
FLASH_GetSecurityState  0x10002395    0x44  Code  Gb  fsl_flash.o [1]
FLASH_Init              0x1000217d    0x90  Code  Gb  fsl_flash.o [1]
FLASH_PrepareExecuteInRamFunctions
                        0x1000220d    0x2a  Code  Gb  fsl_flash.o [1]
FLASH_Program           0x100022e1    0xb4  Code  Gb  fsl_flash.o [1]
FLASH_VerifyErase       0x100023d9    0xc2  Code  Gb  fsl_flash.o [1]
FLASH_VerifyProgram     0x1000249b    0xb8  Code  Gb  fsl_flash.o [1]
FTM_ClearQuadDecoderCounterValue
                        0x10006303     0x6  Code  Lc  AetherDriver_PIT.o [1]
FTM_ClearQuadDecoderCounterValue
                        0x10006213     0x6  Code  Lc  Speed.o [1]
FTM_GetDefaultConfig    0x10003357    0x4e  Code  Gb  fsl_ftm.o [1]
FTM_GetInstance         0x100030bd    0x38  Code  Lc  fsl_ftm.o [1]
FTM_GetQuadDecoderCounterValue
                        0x100062ff     0x4  Code  Lc  AetherDriver_PIT.o [1]
FTM_Init                0x100032af    0xa8  Code  Gb  fsl_ftm.o [1]
FTM_SetPwmSync          0x100030f5    0xa8  Code  Lc  fsl_ftm.o [1]
FTM_SetReloadPoints     0x1000319d   0x112  Code  Lc  fsl_ftm.o [1]
FTM_SetSoftwareTrigger  0x100030a3    0x1a  Code  Lc  fsl_ftm.o [1]
FTM_SetupPwm            0x100033a5   0x278  Code  Gb  fsl_ftm.o [1]
FTM_SetupQuadDecode     0x10003703    0xaa  Code  Gb  fsl_ftm.o [1]
FTM_StartTimer          0x10005fb1    0x14  Code  Lc  Motor.o [1]
FTM_StartTimer          0x1000199d    0x14  Code  Lc  Steer.o [1]
FTM_UpdatePwmDutycycle  0x1000361d    0xe6  Code  Gb  fsl_ftm.o [1]
FiveKey_Init            0x10005e37    0x78  Code  Gb  AetherDriver_KeyBoard.o [1]
Flash_init              0x100014ef    0x40  Code  Gb  AetherDriver_FLASH.o [1]
GV_speedControlT        0x00000e28    0x5c  Data  Gb  GlobalVars.o [1]
GV_steerControlT        0x00000e84    0x14  Data  Gb  GlobalVars.o [1]
GV_steerPwmOutValueI    0x0000d7ea     0x2  Data  Gb  GlobalVars.o [1]
GetADCVal               0x1000178b    0x8c  Code  Gb  AetherDriver_ADC.o [1]
HSADC_ClearStatusFlags  0x10002b65    0x54  Code  Gb  fsl_hsadc.o [1]
HSADC_DoAutoCalibration
                        0x10002e57    0x96  Code  Gb  fsl_hsadc.o [1]
HSADC_DoSoftwareTriggerConverter
                        0x10002a9f    0x1e  Code  Gb  fsl_hsadc.o [1]
HSADC_EnableConverter   0x10002a03    0x46  Code  Gb  fsl_hsadc.o [1]
HSADC_EnableConverterPower
                        0x10002a49    0x56  Code  Gb  fsl_hsadc.o [1]
HSADC_EnableSample      0x100016a1    0x16  Code  Lc  AetherDriver_ADC.o [1]
HSADC_GetDefaultConfig  0x100028b1    0x34  Code  Gb  fsl_hsadc.o [1]
HSADC_GetInstance       0x100027af    0x36  Code  Lc  fsl_hsadc.o [1]
HSADC_GetSampleResultValue
                        0x100016b7     0xa  Code  Lc  AetherDriver_ADC.o [1]
HSADC_GetStatusFlags    0x10002abd    0xa8  Code  Gb  fsl_hsadc.o [1]
HSADC_Init              0x100027e5    0xcc  Code  Gb  fsl_hsadc.o [1]
HSADC_SetChannel67Mux   0x10002bb9    0xac  Code  Lc  fsl_hsadc.o [1]
HSADC_SetConverterConfig
                        0x100028e5   0x11e  Code  Gb  fsl_hsadc.o [1]
HSADC_SetSampleConfig   0x10002c65   0x1f2  Code  Gb  fsl_hsadc.o [1]
I2C0_DriverIRQHandler   0x1000737d     0xe  Code  Gb  fsl_i2c.o [1]
I2C1_DriverIRQHandler   0x1000738b     0xe  Code  Gb  fsl_i2c.o [1]
I2C_TransferCommonIRQHandler
                        0x10007345    0x32  Code  Lc  fsl_i2c.o [1]
IMG_NOW                 0x0000001c     0x4  Data  Gb  main.o [1]
IO_Transfer             0x10004165    0x42  Code  Gb  fsl_io.o [1]
I_abs                   0x00000c21     0xa  Code  Gb  ImageAnalysis.o [1]
ImageControlor          0x10006a41   0x234  Code  Gb  Controler.o [1]
InStream_Read           0x10006ee5    0x26  Code  Lc  lz77_init.o [5]
InStream_StepRegion     0x10006ed1    0x14  Code  Lc  lz77_init.o [5]
InductanceVal           0x00000e98     0x4  Data  Gb  GlobalVars.o [1]
Init                    0x10005b05   0x1a6  Code  Gb  Init.o [1]
JudgeDirection          0x0000063f    0x4a  Code  Gb  ImageAnalysis.o [1]
KeyBoard_Init           0x10005ddb    0x5c  Code  Gb  AetherDriver_KeyBoard.o [1]
LCD_DrawPicture_Small   0x10000857    0x72  Code  Gb  Screen.o [1]
LCD_WriteData_16Bit     0x100004c1    0x4a  Code  Gb  Screen.o [1]
LOG_Pop                 0x1000412d    0x30  Code  Gb  fsl_log.o [1]
LOG_Push                0x10004109    0x24  Code  Gb  fsl_log.o [1]
Lcd_SetRegion           0x100007db    0x56  Code  Gb  Screen.o [1]
Lcd_WriteData           0x10000483    0x3e  Code  Gb  Screen.o [1]
Lcd_WriteIndex          0x10000445    0x3e  Code  Gb  Screen.o [1]
LeftOrRight             0x00000c38     0x1  Data  Gb  GlobalVars.o [1]
Left_side               0x0000000c     0x8  Data  Gb  Inductance.o [1]
LoadInt                 0x10001ff9    0x4c  Code  Lc  xprintfsmall.o [3]
MT9V034_CaptureAccomplished
                        0x0000d7f0     0x1  Data  Gb  main.o [1]
MT9V034_DMA_Callback    0x00000239     0xe  Code  Gb  Camera.o [1]
MT9V034_DMA_Init        0x10004f87    0xb4  Code  Gb  Camera.o [1]
MT9V034_FrameValid_Callback
                        0x000001a5    0x7e  Code  Gb  Camera.o [1]
MT9V034_FrameValid_Callback::line
                        0x0000d7e8     0x2  Data  Lc  Camera.o [1]
MT9V034_IMGBUFF_A       0x0000261c  0x5820  Data  Gb  main.o [1]
MT9V034_IMGBUFF_B       0x00007e3c  0x5820  Data  Gb  main.o [1]
MT9V034_Init            0x10004e45   0x142  Code  Gb  Camera.o [1]
MT9V034_LineValid_Callback
                        0x00000223    0x16  Code  Gb  Camera.o [1]
MT9V034_ReadReg         0x10004bed    0x24  Code  Gb  Camera.o [1]
MT9V034_Reg_Init        0x10004d7b    0xca  Code  Gb  Camera.o [1]
MT9V034_Reset           0x10004c11    0x2a  Code  Gb  Camera.o [1]
MT9V034_SetAutoExposure
                        0x10004c81    0x3e  Code  Gb  Camera.o [1]
MT9V034_SetFrameResolution
                        0x10004cbf    0xbc  Code  Gb  Camera.o [1]
MT9V034_SetReservedReg  0x10004c3b    0x46  Code  Gb  Camera.o [1]
MT9V034_WriteReg        0x10004ba5    0x48  Code  Gb  Camera.o [1]
MotorInit               0x1000610b    0xea  Code  Gb  Motor.o [1]
MotorOut_PWM            0x100060b7    0x54  Code  Gb  Motor.o [1]
OSC_SetCapLoad          0x10003831     0xc  Code  Lc  fsl_clock.o [1]
OSC_SetExtRefClkConfig  0x1000381d    0x14  Code  Lc  fsl_clock.o [1]
OutStream_Write         0x10006f0b    0x40  Code  Lc  lz77_init.o [5]
PIDControl              0x10006001    0x54  Code  Gb  Motor.o [1]
PIDInit                 0x10005fe1    0x20  Code  Gb  Motor.o [1]
PIT0_IRQHandler         0x10006409    0xba  Code  Gb  AetherDriver_PIT.o [1]
PIT0_IRQHandler::loop_flag
                        0x0000d7ec     0x1  Data  Lc  AetherDriver_PIT.o [1]
PIT0_IRQHandler::temp   0x00000c7c    0x14  Data  Lc  AetherDriver_PIT.o [1]
PIT0_Init               0x100063bb    0x4e  Code  Gb  AetherDriver_PIT.o [1]
PIT1_IRQHandler         0x100064c3     0xe  Code  Gb  AetherDriver_PIT.o [1]
PIT2_IRQHandler         0x100064d1     0xe  Code  Gb  AetherDriver_PIT.o [1]
PIT3_IRQHandler         0x100064df     0xe  Code  Gb  AetherDriver_PIT.o [1]
PIT_ClearStatusFlags    0x100063a3     0xc  Code  Lc  AetherDriver_PIT.o [1]
PIT_EnableInterrupts    0x10006387    0x1c  Code  Lc  AetherDriver_PIT.o [1]
PIT_GetInstance         0x1000689f    0x30  Code  Lc  fsl_pit.o [1]
PIT_Init                0x100068cf    0x4a  Code  Gb  fsl_pit.o [1]
PIT_SetTimerChainMode   0x10006349    0x3e  Code  Lc  AetherDriver_PIT.o [1]
PIT_SetTimerPeriod      0x100063af     0xc  Code  Lc  AetherDriver_PIT.o [1]
PIT_StartTimer          0x10005ae9    0x1a  Code  Lc  Init.o [1]
PORTB_IRQHandler        0x00000191     0xc  Code  Gb  Camera.o [1]
PORT_SetPinConfig       0x10005d99    0x26  Code  Lc  AetherDriver_KeyBoard.o [1]
PORT_SetPinConfig       0x10004b5f    0x2a  Code  Lc  Camera.o [1]
PORT_SetPinInterruptConfig
                        0x10004b89    0x1c  Code  Lc  Camera.o [1]
PORT_SetPinMux          0x10005dbf    0x1c  Code  Lc  AetherDriver_KeyBoard.o [1]
PORT_SetPinMux          0x1000507d    0x1c  Code  Lc  AetherDriver_SCCB.o [1]
PORT_SetPinMux          0x10005f05    0x1c  Code  Lc  Beep.o [1]
PORT_SetPinMux          0x10005fc5    0x1c  Code  Lc  Motor.o [1]
PORT_SetPinMux          0x10005f45    0x1c  Code  Lc  RGB.o [1]
PORT_SetPinMux          0x10000429    0x1c  Code  Lc  Screen.o [1]
PORT_SetPinMux          0x10006219    0x1c  Code  Lc  Speed.o [1]
PORT_SetPinMux          0x100019b1    0x1c  Code  Lc  Steer.o [1]
PendSV_Handler          0x1000718d          Code  Gb  portasm.o [1]
PutPixel                0x10000831    0x26  Code  Gb  Screen.o [1]
RGB_Init                0x10005f61    0x46  Code  Gb  RGB.o [1]
RW$$Base                0x00000004           --   Gb  - Linker created -
RW$$Limit               0x00000c39           --   Gb  - Linker created -
Region$$Table$$Base     0x10007970           --   Gb  - Linker created -
Region$$Table$$Limit    0x1000799c           --   Gb  - Linker created -
Reset                   0x1000050b    0x30  Code  Gb  Screen.o [1]
Right_side              0x00000014     0x8  Data  Gb  Inductance.o [1]
SCB_CleanInvalidateDCache
                        0x100014a5    0x4a  Code  Lc  AetherDriver_FLASH.o [1]
SCB_EnableDCache        0x10006641    0x5a  Code  Lc  system_MKV58F24.o [1]
SCB_EnableICache        0x10006615    0x2c  Code  Lc  system_MKV58F24.o [1]
SCCB_Ack                0x1000515d    0x42  Code  Lc  AetherDriver_SCCB.o [1]
SCCB_Init               0x10005099    0x30  Code  Gb  AetherDriver_SCCB.o [1]
SCCB_NoAck              0x1000519f    0x42  Code  Lc  AetherDriver_SCCB.o [1]
SCCB_ReadByte_soft      0x1000538d    0x78  Code  Gb  AetherDriver_SCCB.o [1]
SCCB_ReceiveByte        0x100052b7    0x72  Code  Gb  AetherDriver_SCCB.o [1]
SCCB_SendByte           0x10005255    0x62  Code  Gb  AetherDriver_SCCB.o [1]
SCCB_Start              0x100050c9    0x4a  Code  Gb  AetherDriver_SCCB.o [1]
SCCB_Stop               0x10005113    0x4a  Code  Gb  AetherDriver_SCCB.o [1]
SCCB_WaitAck            0x100051e1    0x74  Code  Gb  AetherDriver_SCCB.o [1]
SCCB_WriteByte_soft     0x10005341    0x4c  Code  Gb  AetherDriver_SCCB.o [1]
SPI0_DriverIRQHandler   0x100070f1    0x26  Code  Gb  fsl_dspi.o [1]
SPI1_DriverIRQHandler   0x10007117    0x26  Code  Gb  fsl_dspi.o [1]
SPI2_DriverIRQHandler   0x1000713d    0x26  Code  Gb  fsl_dspi.o [1]
SPI_WriteData           0x10001199    0x50  Code  Gb  AetherDriver_SPI.o [1]
STEER_MIDDLE            0x00000c34     0x2  Data  Gb  GlobalVars.o [1]
SVC_Handler             0x100071e5          Code  Gb  portasm.o [1]
SpaceMiddles            0x000024a8    0x7c  Data  Gb  ImageAnalysis.o [1]
SpeedComput             0x10006055    0x62  Code  Gb  Motor.o [1]
Speed_Init              0x10006235    0x80  Code  Gb  Speed.o [1]
SteerInit               0x100019cd    0x98  Code  Gb  Steer.o [1]
SteerOut                0x10001bf1    0x44  Code  Gb  Steer.o [1]
SteerPWMCalculator      0x10001a65   0x18c  Code  Gb  Steer.o [1]
SteerSet                0x10001c35    0x1c  Code  Gb  Steer.o [1]
StrFormatPrintf         0x10003ead   0x25c  Code  Gb  fsl_str.o [1]
SysTick_Handler         0x10007599    0x28  Code  Gb  port.o [1]
SystemCoreClock         0x00000020     0x4  Data  Gb  system_MKV58F24.o [1]
SystemCoreClockUpdate   0x100066cb   0x174  Code  Gb  system_MKV58F24.o [1]
SystemInit              0x1000669b    0x30  Code  Gb  system_MKV58F24.o [1]
UART0_DriverIRQHandler  0x10004251    0x10  Code  Gb  fsl_uart.o [1]
UART0_RX_TX_DriverIRQHandler
                        0x10004261     0x8  Code  Gb  fsl_uart.o [1]
UART1_DriverIRQHandler  0x10004269    0x10  Code  Gb  fsl_uart.o [1]
UART1_RX_TX_DriverIRQHandler
                        0x1000427b     0x8  Code  Gb  fsl_uart.o [1]
UART2_DriverIRQHandler  0x10004283    0x10  Code  Gb  fsl_uart.o [1]
UART2_RX_TX_DriverIRQHandler
                        0x10004293     0x8  Code  Gb  fsl_uart.o [1]
UART3_DriverIRQHandler  0x1000429b    0x10  Code  Gb  fsl_uart.o [1]
UART3_RX_TX_DriverIRQHandler
                        0x100042ab     0x8  Code  Gb  fsl_uart.o [1]
UART4_RX_TX_IRQHandler  0x10007929    0x18  Code  Gb  AetherDriver_UART.o [1]
UART5_DriverIRQHandler  0x100042b3    0x10  Code  Gb  fsl_uart.o [1]
UART5_RX_TX_DriverIRQHandler
                        0x100042e5     0x8  Code  Gb  fsl_uart.o [1]
UART_GetStatusFlags     0x100041ad    0x1c  Code  Gb  fsl_uart.o [1]
UART_ReadBlocking       0x100041e1    0x6a  Code  Gb  fsl_uart.o [1]
UART_WriteBlocking      0x100041c9    0x18  Code  Gb  fsl_uart.o [1]
UART_buff               0x00000c90    0x14  Data  Gb  AetherDriver_UART.o [1]
Using_Flag              0x0000d7ed     0x1  Data  Gb  GlobalVars.o [1]
ZI$$Base                0x00000c3c           --   Gb  - Linker created -
ZI$$Limit               0x0000d7f4           --   Gb  - Linker created -
_LitobSmall             0x10002045    0xce  Code  Lc  xprintfsmall.o [3]
_PrintfSmall            0x10001c71   0x382  Code  Gb  xprintfsmall.o [3]
_PutcharsSmall          0x10002113    0x2e  Code  Lc  xprintfsmall.o [3]
_SProut                 0x1000121f     0xa  Code  Gb  xsprout.o [3]
__NVIC_DisableIRQ       0x10004a6d    0x24  Code  Lc  Camera.o [1]
__NVIC_EnableIRQ        0x100062c9    0x1a  Code  Lc  AetherDriver_PIT.o [1]
__NVIC_EnableIRQ        0x10004a51    0x1c  Code  Lc  Camera.o [1]
__NVIC_SetPriority      0x10005a9f    0x26  Code  Lc  Init.o [1]
__NVIC_SetPriorityGrouping
                        0x10005a81    0x1e  Code  Lc  Init.o [1]
__Vectors               0x10000000           --   Gb  startup_MKV58F24.o [1]
__Vectors_End           0x10000400          Data  Gb  startup_MKV58F24.o [1]
__Vectors_Size {Abs}    0x00000400           --   Gb  startup_MKV58F24.o [1]
__aeabi_assert          0x10003d49    0x1c  Code  Gb  fsl_assert.o [1]
__aeabi_d2f             0x10001905          Code  Gb  DblToFlt.o [4]
__aeabi_d2iz            0x10001451          Code  Gb  DblToI32.o [4]
__aeabi_dadd            0x1000181d          Code  Gb  DblAdd.o [4]
__aeabi_dmul            0x100012ad          Code  Gb  DblMul.o [4]
__aeabi_f2d             0x1000125d          Code  Gb  FltToDbl.o [4]
__aeabi_ldiv0           0x10006a1d          Code  Gb  I64DivZer.o [5]
__aeabi_memclr4         0x1000149d          Code  Gb  ABImemclr4.o [5]
__aeabi_memset          0x10001639          Code  Gb  ABImemset.o [5]
__aeabi_uldivmod        0x1000692d          Code  Gb  I64DivMod.o [5]
__cmain                 0x10007a75          Code  Gb  cmain.o [5]
__exit                  0x100070ad    0x14  Code  Gb  exit.o [6]
__iar_Memchr            0x10003c79          Code  Gb  memchr.o [5]
__iar_Memset            0x10001639          Code  Gb  ABImemset.o [5]
__iar_Memset4_word      0x10002149          Code  Gb  ABImemset48.o [5]
__iar_Memset8_word      0x10002149          Code  Gb  ABImemset48.o [5]
__iar_Memset_word       0x10001641          Code  Gb  ABImemset.o [5]
__iar_Strchr            0x10003c61          Code  Gb  strchr.o [5]
__iar_d2uiz             0x1000147d          Code  Gb  DblToI32.o [4]
__iar_dadd              0x10001831          Code  Gb  DblAdd.o [4]
__iar_data_init3        0x1000769d    0x28  Code  Gb  data_init.o [5]
__iar_dsub              0x10002f21          Code  Gb  DblSub.o [4]
__iar_dsubStart         0x10002f33          Code  Gb  DblSub.o [4]
__iar_init_vfp          0x1000794d          Code  Gb  fpinit_M.o [4]
__iar_lz77_init3        0x10006f4b   0x15c  Code  Gb  lz77_init.o [5]
__iar_program_start     0x10007c51          Code  Gb  cstartup_M.o [5]
__iar_unaligned___aeabi_memcpy
                        0x10003cd1          Code  Gb  ABImemcpy_unaligned.o [5]
__iar_unaligned___aeabi_memcpy4
                        0x10003cf1          Code  Gb  ABImemcpy_unaligned.o [5]
__iar_unaligned___aeabi_memcpy8
                        0x10003cf1          Code  Gb  ABImemcpy_unaligned.o [5]
__iar_zero_init3        0x10007559    0x40  Code  Gb  zero_init3.o [5]
__low_level_init        0x10007a8f     0x4  Code  Gb  low_level_init.o [3]
__vector_table          0x10000000          Data  Gb  startup_MKV58F24.o [1]
__vector_table_0x1c     0x1000001c          Data  Gb  startup_MKV58F24.o [1]
_call_main              0x10007a81          Code  Gb  cmain.o [5]
_exit                   0x10007a99          Code  Gb  cexit.o [5]
_main                   0x10007a8b          Code  Gb  cmain.o [5]
abort                   0x100070a7     0x6  Code  Gb  abort.o [3]
callFlashCommonBitOperation
                        0x00000d54     0x4  Data  Lc  fsl_flash.o [1]
callFlashRunCommand     0x00000d50     0x4  Data  Lc  fsl_flash.o [1]
convolution             0x00000271   0x3ce  Code  Gb  ImageAnalysis.o [1]
copy_flash_common_bit_operation
                        0x10002631    0x1a  Code  Lc  fsl_flash.o [1]
copy_flash_run_command  0x100025d3    0x1a  Code  Lc  fsl_flash.o [1]
delay_ms                0x0000013d    0x40  Code  Gb  AetherDriver_LPTMR.o [1]
display_menu            0x10000d5d   0x370  Code  Gb  Screen.o [1]
exit                    0x10007a93     0x4  Code  Gb  exit.o [3]
findMiddlePointBySpace  0x00000689   0x4a2  Code  Gb  ImageAnalysis.o [1]
flash_cache_clear       0x1000266d     0xe  Code  Gb  fsl_flash.o [1]
flash_cache_clear_process
                        0x1000267b    0x1e  Code  Lc  fsl_flash.o [1]
flash_check_execute_in_ram_function_info
                        0x10002699    0x22  Code  Lc  fsl_flash.o [1]
flash_check_range       0x100026bb    0x38  Code  Lc  fsl_flash.o [1]
flash_check_user_key    0x10002747    0x10  Code  Lc  fsl_flash.o [1]
flash_command_sequence  0x100025ed    0x44  Code  Lc  fsl_flash.o [1]
flash_from_menu         0x10000b09    0x34  Code  Gb  Screen.o [1]
flash_get_matched_operation_info
                        0x100026f3    0x54  Code  Lc  fsl_flash.o [1]
flash_property_get      0x1000152f    0x22  Code  Gb  AetherDriver_FLASH.o [1]
flash_read              0x100015e1    0x32  Code  Gb  AetherDriver_FLASH.o [1]
flash_write             0x10001551    0x90  Code  Gb  AetherDriver_FLASH.o [1]
fmc_flash_prefetch_speculation_clear
                        0x1000264b    0x1a  Code  Gb  fsl_flash.o [1]
fullfill                0x100008c9    0x5e  Code  Gb  Screen.o [1]
g_HSADCChannelConfigDifferentialMask
                        0x10007ba4    0x10  Data  Gb  fsl_hsadc.o [1]
g_Speed                 0x00000c36     0x2  Data  Gb  Speed.o [1]
g_dspiHandle            0x00000ca8     0xc  Data  Lc  fsl_dspi.o [1]
g_xtal0Freq             0x00000ca4     0x4  Data  Gb  fsl_clock.o [1]
getLeftSpeed            0x10006309    0x2a  Code  Lc  AetherDriver_PIT.o [1]
getRightSpeed           0x10006333    0x16  Code  Lc  AetherDriver_PIT.o [1]
getSmallImage           0x00000b2b    0xe8  Code  Gb  ImageAnalysis.o [1]
gpio_init               0x00000025    0xd0  Code  Gb  AetherDriver_GPIO.o [1]
gpio_read               0x00000133     0xa  Code  Gb  AetherDriver_GPIO.o [1]
gpio_write              0x00000111    0x22  Code  Gb  AetherDriver_GPIO.o [1]
height                  0x10003d47     0x1  Data  Lc  ImageAnalysis.o [1]
kFCCOBx                 0x10007f20     0x4  Data  Gb  fsl_flash.o [1]
kPFlashDensities        0x100079bc    0x20  Data  Gb  fsl_flash.o [1]
lcd_initial             0x1000053b   0x2a0  Code  Gb  Screen.o [1]
main                    0x1000750d    0x4c  Code  Gb  main.o [1]
mcgConfig_BOARD_BootClockRUN
                        0x10007bb4     0xc  Data  Gb  clock_config.o [1]
memchr                  0x10003c79          Code  Gb  memchr.o [5]
menu                    0x10000a27    0xae  Code  Gb  Screen.o [1]
menu_from_code          0x10000ca1    0xb4  Code  Gb  Screen.o [1]
menu_from_flash         0x10000ad5    0x34  Code  Gb  Screen.o [1]
menu_in                 0x10000b3d    0xcc  Code  Gb  Screen.o [1]
menu_list               0x0000d65c   0x100  Data  Gb  Screen.o [1]
menu_out                0x10000c09    0x94  Code  Gb  Screen.o [1]
oscConfig_BOARD_BootClockRUN
                        0x10007c74     0x8  Data  Gb  clock_config.o [1]
pflashBlockBase         0x00000c70     0x4  Data  Lc  AetherDriver_FLASH.o [1]
pflashSectorSize        0x00000c78     0x4  Data  Lc  AetherDriver_FLASH.o [1]
pflashTotalSize         0x00000c74     0x4  Data  Lc  AetherDriver_FLASH.o [1]
prvResetNextTaskUnblockTime
                        0x10006e51    0x2a  Code  Lc  tasks.o [1]
pxCurrentTCB            0x0000d75c     0x4  Data  Gb  tasks.o [1]
pxDelayedTaskList       0x0000d7c4     0x4  Data  Lc  tasks.o [1]
pxOverflowDelayedTaskList
                        0x0000d7c8     0x4  Data  Lc  tasks.o [1]
pxReadyTasksLists       0x0000d760    0x64  Data  Lc  tasks.o [1]
s_EDMAHandle            0x00000cbc    0x80  Data  Lc  fsl_edma.o [1]
s_ENETHandle            0x00000d3c     0x4  Data  Lc  fsl_enet.o [1]
s_debugConsoleIO        0x00000e04     0x8  Data  Lc  fsl_io.o [1]
s_dmamuxBases           0x10007f10     0x4  Data  Lc  fsl_dmamux.o [1]
s_dmamuxClockName       0x10007f14     0x4  Data  Lc  fsl_dmamux.o [1]
s_dspiMasterIsr         0x00000cb4     0x4  Data  Lc  fsl_dspi.o [1]
s_dspiSlaveIsr          0x00000cb8     0x4  Data  Lc  fsl_dspi.o [1]
s_edmaBases             0x10007f18     0x4  Data  Lc  fsl_edma.o [1]
s_edmaClockName         0x10007f1c     0x4  Data  Lc  fsl_edma.o [1]
s_enetErrIsr            0x00000d48     0x4  Data  Lc  fsl_enet.o [1]
s_enetRxIsr             0x00000d44     0x4  Data  Lc  fsl_enet.o [1]
s_enetTsIsr             0x00000d4c     0x4  Data  Lc  fsl_enet.o [1]
s_enetTxIsr             0x00000d40     0x4  Data  Lc  fsl_enet.o [1]
s_fastIrcFreq           0x00000008     0x4  Data  Lc  fsl_clock.o [1]
s_flashCommonBitOperation
                        0x00000d98    0x40  Data  Lc  fsl_flash.o [1]
s_flashCommonBitOperationFunctionCode
                        0x10007a3c    0x1c  Data  Lc  fsl_flash.o [1]
s_flashDriver           0x00000c3c    0x34  Data  Lc  AetherDriver_FLASH.o [1]
s_flashExecuteInRamFunctionInfo
                        0x00000dd8     0xc  Data  Lc  fsl_flash.o [1]
s_flashRunCommand       0x00000d58    0x40  Data  Lc  fsl_flash.o [1]
s_flashRunCommandFunctionCode
                        0x10007be4     0xc  Data  Lc  fsl_flash.o [1]
s_flexcanHandle         0x00000de4     0xc  Data  Lc  fsl_flexcan.o [1]
s_flexcanIsr            0x00000df0     0x4  Data  Lc  fsl_flexcan.o [1]
s_ftmBases              0x10007b74    0x10  Data  Lc  fsl_ftm.o [1]
s_ftmClocks             0x10007b84    0x10  Data  Lc  fsl_ftm.o [1]
s_hsadcBases            0x10007c8c     0x8  Data  Lc  fsl_hsadc.o [1]
s_hsadcClocks           0x10007c94     0x8  Data  Lc  fsl_hsadc.o [1]
s_i2cHandle             0x00000df4     0x8  Data  Lc  fsl_i2c.o [1]
s_i2cMasterIsr          0x00000dfc     0x4  Data  Lc  fsl_i2c.o [1]
s_i2cSlaveIsr           0x00000e00     0x4  Data  Lc  fsl_i2c.o [1]
s_pitBases              0x10007f24     0x4  Data  Lc  fsl_pit.o [1]
s_pitClocks             0x10007f28     0x4  Data  Lc  fsl_pit.o [1]
s_slowIrcFreq           0x00000004     0x4  Data  Lc  fsl_clock.o [1]
s_uartHandle            0x00000e0c    0x18  Data  Lc  fsl_uart.o [1]
s_uartIsr               0x00000e24     0x4  Data  Lc  fsl_uart.o [1]
simConfig_BOARD_BootClockRUN
                        0x10007c6c     0x8  Data  Gb  clock_config.o [1]
small_image             0x00000ea0  0x1608  Data  Gb  ImageAnalysis.o [1]
sprintf                 0x10001229    0x34  Code  Gb  sprintf.o [3]
strchr                  0x10003c61          Code  Gb  strchr.o [5]
strlen                  0x100011e9          Code  Gb  strlen.o [5]
uxListRemove            0x10006ea9    0x28  Code  Gb  list.o [1]
uxPendedTicks           0x0000d7d4     0x4  Data  Lc  tasks.o [1]
uxSchedulerSuspended    0x0000d7e4     0x4  Data  Lc  tasks.o [1]
uxTopReadyPriority      0x0000d7d0     0x4  Data  Lc  tasks.o [1]
vListInsertEnd          0x10006e91    0x18  Code  Gb  list.o [1]
vPortEnableVFP          0x10007219          Code  Gb  portasm.o [1]
vPortStartFirstTask     0x10007201          Code  Gb  portasm.o [1]
vTaskSwitchContext      0x10006dc3    0x72  Code  Gb  tasks.o [1]
wigth                   0x10003d46     0x1  Data  Lc  ImageAnalysis.o [1]
xNextTaskUnblockTime    0x0000d7e0     0x4  Data  Lc  tasks.o [1]
xNumOfOverflows         0x0000d7dc     0x4  Data  Lc  tasks.o [1]
xTaskIncrementTick      0x10006cb1   0x112  Code  Gb  tasks.o [1]
xTickCount              0x0000d7cc     0x4  Data  Lc  tasks.o [1]
xYieldPending           0x0000d7d8     0x4  Data  Lc  tasks.o [1]


[1] = Z:\AETHER_NEW\debug\obj
[2] = command line
[3] = dl7M_tln.a
[4] = m7M_tls.a
[5] = rt7M_tl.a
[6] = shb_l.a

  28 878 bytes of readonly  code memory
   3 088 bytes of readwrite code memory
   5 863 bytes of readonly  data memory
  53 210 bytes of readwrite data memory

Errors: none
Warnings: none
